This file contains any messages produced by compilers while
running configure, to aid debugging if configure makes a mistake.

It was created by chafa configure 1.18.2, which was
generated by GNU Autoconf 2.73.  Invocation command line was

  $ ./configure --host=x86_64-w64-mingw32 --prefix=/c/Users/suzuko/dev/go/go-lf-preview/.native/chafa/x86_64-pc-windows-gnu/1.18.2 --without-tools --disable-shared --enable-static --disable-Bsymbolic

## --------- ##
## Platform. ##
## --------- ##

hostname = desktop
uname -m = x86_64
uname -r = 3.6.9-01d6c708.x86_64
uname -s = MSYS_NT-10.0-26200
uname -v = 2026-05-24 10:45 UTC

/usr/bin/uname -p = unknown
/bin/uname -X     = unknown

/bin/arch              = x86_64
/usr/bin/arch -k       = unknown
/usr/convex/getsysinfo = unknown
/usr/bin/hostinfo      = unknown
/bin/machine           = unknown
/usr/bin/oslevel       = unknown
/bin/universe          = unknown

PATH: /mingw64/bin/
PATH: /usr/bin/
PATH: /usr/local/bin/
PATH: /usr/bin/
PATH: /bin/
PATH: /opt/bin/
PATH: /c/Windows/System32/
PATH: /c/Windows/
PATH: /c/Windows/System32/Wbem/
PATH: /c/Windows/System32/WindowsPowerShell/v1.0/
PATH: /usr/bin/site_perl/
PATH: /usr/bin/vendor_perl/
PATH: /usr/bin/core_perl/


## ----------- ##
## Core tests. ##
## ----------- ##

configure:2231: loading site script /etc/config.site
| # This file is in public domain.
| # Original author: Karlson2k (Evgeny Grin)
| # Written for MSys2 to help running 'configure' scripts
| 
| # Defaults for MSys2/MinGW64-targeted programs
| 
| # Set proper selfname on bash and fallback to default name on other shells
| test -n "${BASH_SOURCE}" 2>/dev/null && config_site_me="${BASH_SOURCE[0]##*/}" || config_site_me=config.site
| 
| # Set default 'host' to speedup configure
| if test -z "$build_alias"; then
|   build_alias="${MSYSTEM_CHOST}"  && \
|     ${as_echo-echo} "$config_site_me:${as_lineno-$LINENO}: default build_alias set to $build_alias" >&5
| fi
| 
| # Set default 'prefix'
| if ( test -z "$prefix" || test "x$prefix" = "xNONE" ) && \
|     ( test -z "$exec_prefix" || test "x$exec_prefix" = "xNONE" ); then
|   prefix="${MSYSTEM_PREFIX}" && \
|     ${as_echo-echo} "$config_site_me:${as_lineno-$LINENO}: default prefix set to $prefix" >&5
| fi
config.site:13: default build_alias set to x86_64-pc-cygwin
configure:2702: looking for aux files: config.guess config.sub ltmain.sh ar-lib compile missing install-sh
configure:2715:  trying ./
configure:2744:   ./config.guess found
configure:2744:   ./config.sub found
configure:2744:   ./ltmain.sh found
configure:2744:   ./ar-lib found
configure:2744:   ./compile found
configure:2744:   ./missing found
configure:2726:   ./install-sh found
configure:2897: checking for a BSD-compatible install
configure:2971: result: /usr/bin/install -c
configure:2982: checking whether sleep supports fractional seconds
configure:2998: result: yes
configure:3001: checking filesystem timestamp resolution
configure:3136: result: 0.01
configure:3141: checking whether build environment is sane
configure:3186: result: yes
configure:3252: checking for x86_64-w64-mingw32-strip
configure:3288: result: no
configure:3298: checking for strip
configure:3319: found /mingw64/bin/strip
configure:3331: result: strip
configure:3357: checking for a race-free mkdir -p
configure:3400: result: /usr/bin/mkdir -p
configure:3407: checking for gawk
configure:3428: found /usr/bin/gawk
configure:3440: result: gawk
configure:3451: checking whether make sets $(MAKE)
configure:3475: result: yes
configure:3501: checking whether make supports nested variables
configure:3520: result: yes
configure:3534: checking xargs -n works
configure:3550: result: yes
configure:3635: checking whether UID '197609' is supported by ustar format
configure:3641: result: yes
configure:3648: checking whether GID '197121' is supported by ustar format
configure:3654: result: yes
configure:3662: checking how to create a ustar tar archive
configure:3673: tar --version
tar (GNU tar) 1.35
Copyright (C) 2023 Free Software Foundation, Inc.
License GPLv3+: GNU GPL version 3 or later <https://gnu.org/licenses/gpl.html>.
This is free software: you are free to change and redistribute it.
There is NO WARRANTY, to the extent permitted by law.

Written by John Gilmore and Jay Fenlason.
configure:3676: $? = 0
configure:3716: tardir=conftest.dir && eval tar --format=ustar -chf - "$tardir" >conftest.tar
configure:3719: $? = 0
configure:3723: tar -xf - <conftest.tar
configure:3726: $? = 0
configure:3728: cat conftest.dir/file
GrepMe
configure:3731: $? = 0
configure:3746: result: gnutar
configure:3844: checking whether make supports the include directive
configure:3859: make -f confmf.GNU && cat confinc.out
this is the am__doit target
configure:3862: $? = 0
configure:3881: result: yes (GNU style)
configure:3912: checking for x86_64-w64-mingw32-gcc
configure:3933: found /mingw64/bin/x86_64-w64-mingw32-gcc
configure:3945: result: x86_64-w64-mingw32-gcc
configure:4350: checking for C compiler version
configure:4359: x86_64-w64-mingw32-gcc --version >&5
x86_64-w64-mingw32-gcc.exe (Rev5, Built by MSYS2 project) 16.1.0
Copyright (C) 2026 Free Software Foundation, Inc.
This is free software; see the source for copying conditions.  There is NO
warranty; not even for MERCHANTABILITY or FITNESS FOR A PARTICULAR PURPOSE.

configure:4370: $? = 0
configure:4359: x86_64-w64-mingw32-gcc -v >&5
Using built-in specs.
COLLECT_GCC=C:\msys64\mingw64\bin\x86_64-w64-mingw32-gcc.exe
COLLECT_LTO_WRAPPER=C:/msys64/mingw64/bin/../lib/gcc/x86_64-w64-mingw32/16.1.0/lto-wrapper.exe
Target: x86_64-w64-mingw32
Configured with: ../gcc-16.1.0/configure --prefix=/mingw64 --with-local-prefix=/mingw64/local --libexecdir=/mingw64/lib --enable-bootstrap --enable-checking=release --with-arch=nocona --with-tune=generic --enable-mingw-wildcard --enable-languages=c,c++,ada,fortran,lto,objc,obj-c++,jit --enable-shared --enable-static --enable-libatomic --enable-threads=posix --enable-tls --enable-graphite --enable-fully-dynamic-string --enable-libstdcxx-backtrace=yes --enable-libstdcxx-filesystem-ts --enable-libstdcxx-time --disable-libstdcxx-pch --enable-libgomp --disable-libssp --disable-multilib --disable-rpath --disable-win32-registry --disable-nls --disable-werror --disable-symvers --with-libiconv --with-system-zlib --with-gmp=/mingw64 --with-mpfr=/mingw64 --with-mpc=/mingw64 --with-isl=/mingw64 --with-pkgversion='Rev5, Built by MSYS2 project' --with-bugurl=https://github.com/msys2/MINGW-packages/issues --with-gnu-as --with-gnu-ld --with-libstdcxx-zoneinfo=yes --disable-libstdcxx-debug --enable-lto --with-boot-ldflags=-static-libstdc++ --with-stage1-ldflags=-static-libstdc++
Thread model: posix
Supported LTO compression algorithms: zlib zstd
gcc version 16.1.0 (Rev5, Built by MSYS2 project) 
configure:4370: $? = 0
configure:4359: x86_64-w64-mingw32-gcc -V >&5
x86_64-w64-mingw32-gcc.exe: error: unrecognized command-line option '-V'
x86_64-w64-mingw32-gcc.exe: fatal error: no input files
compilation terminated.
configure:4370: $? = 1
configure:4359: x86_64-w64-mingw32-gcc -qversion >&5
x86_64-w64-mingw32-gcc.exe: error: unrecognized command-line option '-qversion'; did you mean '--version'?
x86_64-w64-mingw32-gcc.exe: fatal error: no input files
compilation terminated.
configure:4370: $? = 1
configure:4359: x86_64-w64-mingw32-gcc -version >&5
x86_64-w64-mingw32-gcc.exe: error: unrecognized command-line option '-version'
x86_64-w64-mingw32-gcc.exe: fatal error: no input files
compilation terminated.
configure:4370: $? = 1
configure:4390: checking whether the C compiler works
configure:4412: x86_64-w64-mingw32-gcc    conftest.c  >&5
configure:4416: $? = 0
configure:4467: result: yes
configure:4471: checking for C compiler default output file name
configure:4473: result: a.exe
configure:4479: checking for suffix of executables
configure:4486: x86_64-w64-mingw32-gcc -o conftest.exe    conftest.c  >&5
configure:4490: $? = 0
configure:4514: result: .exe
configure:4538: checking whether we are cross compiling
configure:4546: x86_64-w64-mingw32-gcc -o conftest.exe    conftest.c  >&5
configure:4550: $? = 0
configure:4557: ./conftest.exe
configure:4561: $? = 0
configure:4576: result: no
configure:4582: checking for suffix of object files
configure:4605: x86_64-w64-mingw32-gcc -c   conftest.c >&5
configure:4609: $? = 0
configure:4633: result: o
configure:4637: checking whether the compiler supports GNU C
configure:4657: x86_64-w64-mingw32-gcc -c   conftest.c >&5
configure:4657: $? = 0
configure:4669: result: yes
configure:4680: checking whether x86_64-w64-mingw32-gcc accepts -g
configure:4701: x86_64-w64-mingw32-gcc -c -g  conftest.c >&5
configure:4701: $? = 0
configure:4748: result: yes
configure:4768: checking for x86_64-w64-mingw32-gcc option to enable C23 features
configure:4783: x86_64-w64-mingw32-gcc  -c -g -O2  conftest.c >&5
conftest.c:78:11: error: unknown type name 'nullptr_t'
   78 | constexpr nullptr_t null_pointer = nullptr;
      |           ^~~~~~~~~
conftest.c:78:36: error: incompatible types when initializing type 'int' using type 'typeof (nullptr)'
   78 | constexpr nullptr_t null_pointer = nullptr;
      |                                    ^~~~~~~
configure:4783: $? = 1
configure: failed program was:
| /* confdefs.h */
| #define PACKAGE_NAME "chafa"
| #define PACKAGE_TARNAME "chafa"
| #define PACKAGE_VERSION "1.18.2"
| #define PACKAGE_STRING "chafa 1.18.2"
| #define PACKAGE_BUGREPORT "hpj@hpjansson.org"
| #define PACKAGE_URL ""
| #define PACKAGE "chafa"
| #define VERSION "1.18.2"
| #define CHAFA_MAJOR_VERSION 1
| #define CHAFA_MINOR_VERSION 18
| #define CHAFA_MICRO_VERSION 2
| #define CHAFA_VERSION "1.18.2"
| /* end confdefs.h.  */
| 
| /* Does the compiler advertise conformance to C17 or earlier?
|    Although GCC 14 does not do that, even with -std=gnu23,
|    it is close enough, and defines __STDC_VERSION == 202000L.  */
| #if !defined __STDC_VERSION__ || __STDC_VERSION__ <= 201710L
| # error "Compiler advertises conformance to C17 or earlier"
| #endif
| 
| // Check alignas.
| char alignas (double) c23_aligned_as_double;
| char alignas (0) c23_no_special_alignment;
| extern char c23_aligned_as_int;
| char alignas (0) alignas (int) c23_aligned_as_int;
| 
| // Check alignof.
| enum
| {
|   c23_int_alignment = alignof (int),
|   c23_int_array_alignment = alignof (int[100]),
|   c23_char_alignment = alignof (char)
| };
| static_assert (0 < -alignof (int), "alignof is signed");
| 
| int function_with_unnamed_parameter (int) { return 0; }
| 
| void c23_noreturn ();
| 
| /* Test parsing of string and char UTF-8 literals (including hex escapes).
|    The parens pacify GCC 15.  */
| bool use_u8 = (!sizeof u8"\xFF") == (!u8'x');
| 
| bool check_that_bool_works = true | false | !nullptr;
| #if !true
| # error "true does not work in #if"
| #endif
| #if false
| #elifdef __STDC_VERSION__
| #else
| # error "#elifdef does not work"
| #endif
| 
| #ifndef __has_c_attribute
| # error "__has_c_attribute not defined"
| #endif
| 
| #ifndef __has_include
| # error "__has_include not defined"
| #endif
| 
| #define LPAREN() (
| #define FORTY_TWO(x) 42
| #define VA_OPT_TEST(r, x, ...) __VA_OPT__ (FORTY_TWO r x))
| static_assert (VA_OPT_TEST (LPAREN (), 0, <:-) == 42);
| 
| static_assert (0b101010 == 42);
| static_assert (0B101010 == 42);
| static_assert (0xDEAD'BEEF == 3'735'928'559);
| static_assert (0.500'000'000 == 0.5);
| 
| enum unsignedish : unsigned int { uione = 1 };
| static_assert (0 < -uione);
| 
| #include <stddef.h>
| constexpr nullptr_t null_pointer = nullptr;
| 
| static typeof (1 + 1L) two () { return 2; }
| static long int three () { return 3; }
| 
| 
| int
| main (int, char **)
| {
|   int ok = 0;
|   
|   {
|     label_before_declaration:
|       int arr[10] = {};
|       if (arr[0])
|         goto label_before_declaration;
|       if (!arr[0])
|         goto label_at_end_of_block;
|     label_at_end_of_block:
|   }
|   ok |= !null_pointer;
|   ok |= two != three;
| 
|   return ok;
| }
| 
configure:4783: x86_64-w64-mingw32-gcc -std=gnu23 -c -g -O2  conftest.c >&5
conftest.c:78:11: error: unknown type name 'nullptr_t'
   78 | constexpr nullptr_t null_pointer = nullptr;
      |           ^~~~~~~~~
conftest.c:78:36: error: incompatible types when initializing type 'int' using type 'typeof (nullptr)'
   78 | constexpr nullptr_t null_pointer = nullptr;
      |                                    ^~~~~~~
configure:4783: $? = 1
configure: failed program was:
| /* confdefs.h */
| #define PACKAGE_NAME "chafa"
| #define PACKAGE_TARNAME "chafa"
| #define PACKAGE_VERSION "1.18.2"
| #define PACKAGE_STRING "chafa 1.18.2"
| #define PACKAGE_BUGREPORT "hpj@hpjansson.org"
| #define PACKAGE_URL ""
| #define PACKAGE "chafa"
| #define VERSION "1.18.2"
| #define CHAFA_MAJOR_VERSION 1
| #define CHAFA_MINOR_VERSION 18
| #define CHAFA_MICRO_VERSION 2
| #define CHAFA_VERSION "1.18.2"
| /* end confdefs.h.  */
| 
| /* Does the compiler advertise conformance to C17 or earlier?
|    Although GCC 14 does not do that, even with -std=gnu23,
|    it is close enough, and defines __STDC_VERSION == 202000L.  */
| #if !defined __STDC_VERSION__ || __STDC_VERSION__ <= 201710L
| # error "Compiler advertises conformance to C17 or earlier"
| #endif
| 
| // Check alignas.
| char alignas (double) c23_aligned_as_double;
| char alignas (0) c23_no_special_alignment;
| extern char c23_aligned_as_int;
| char alignas (0) alignas (int) c23_aligned_as_int;
| 
| // Check alignof.
| enum
| {
|   c23_int_alignment = alignof (int),
|   c23_int_array_alignment = alignof (int[100]),
|   c23_char_alignment = alignof (char)
| };
| static_assert (0 < -alignof (int), "alignof is signed");
| 
| int function_with_unnamed_parameter (int) { return 0; }
| 
| void c23_noreturn ();
| 
| /* Test parsing of string and char UTF-8 literals (including hex escapes).
|    The parens pacify GCC 15.  */
| bool use_u8 = (!sizeof u8"\xFF") == (!u8'x');
| 
| bool check_that_bool_works = true | false | !nullptr;
| #if !true
| # error "true does not work in #if"
| #endif
| #if false
| #elifdef __STDC_VERSION__
| #else
| # error "#elifdef does not work"
| #endif
| 
| #ifndef __has_c_attribute
| # error "__has_c_attribute not defined"
| #endif
| 
| #ifndef __has_include
| # error "__has_include not defined"
| #endif
| 
| #define LPAREN() (
| #define FORTY_TWO(x) 42
| #define VA_OPT_TEST(r, x, ...) __VA_OPT__ (FORTY_TWO r x))
| static_assert (VA_OPT_TEST (LPAREN (), 0, <:-) == 42);
| 
| static_assert (0b101010 == 42);
| static_assert (0B101010 == 42);
| static_assert (0xDEAD'BEEF == 3'735'928'559);
| static_assert (0.500'000'000 == 0.5);
| 
| enum unsignedish : unsigned int { uione = 1 };
| static_assert (0 < -uione);
| 
| #include <stddef.h>
| constexpr nullptr_t null_pointer = nullptr;
| 
| static typeof (1 + 1L) two () { return 2; }
| static long int three () { return 3; }
| 
| 
| int
| main (int, char **)
| {
|   int ok = 0;
|   
|   {
|     label_before_declaration:
|       int arr[10] = {};
|       if (arr[0])
|         goto label_before_declaration;
|       if (!arr[0])
|         goto label_at_end_of_block;
|     label_at_end_of_block:
|   }
|   ok |= !null_pointer;
|   ok |= two != three;
| 
|   return ok;
| }
| 
configure:4797: result: unsupported
configure:4817: checking for x86_64-w64-mingw32-gcc option to enable C11 features
configure:4832: x86_64-w64-mingw32-gcc  -c -g -O2  conftest.c >&5
configure:4832: $? = 0
configure:4851: result: none needed
configure:4975: checking whether x86_64-w64-mingw32-gcc understands -c and -o together
configure:4998: x86_64-w64-mingw32-gcc -c conftest.c -o conftest2.o
configure:5001: $? = 0
configure:4998: x86_64-w64-mingw32-gcc -c conftest.c -o conftest2.o
configure:5001: $? = 0
configure:5017: result: yes
configure:5036: checking dependency style of x86_64-w64-mingw32-gcc
configure:5149: result: gcc3
configure:5169: checking for stdio.h
configure:5169: x86_64-w64-mingw32-gcc -c -g -O2  conftest.c >&5
configure:5169: $? = 0
configure:5169: result: yes
configure:5169: checking for stdlib.h
configure:5169: x86_64-w64-mingw32-gcc -c -g -O2  conftest.c >&5
configure:5169: $? = 0
configure:5169: result: yes
configure:5169: checking for string.h
configure:5169: x86_64-w64-mingw32-gcc -c -g -O2  conftest.c >&5
configure:5169: $? = 0
configure:5169: result: yes
configure:5169: checking for inttypes.h
configure:5169: x86_64-w64-mingw32-gcc -c -g -O2  conftest.c >&5
configure:5169: $? = 0
configure:5169: result: yes
configure:5169: checking for stdint.h
configure:5169: x86_64-w64-mingw32-gcc -c -g -O2  conftest.c >&5
configure:5169: $? = 0
configure:5169: result: yes
configure:5169: checking for strings.h
configure:5169: x86_64-w64-mingw32-gcc -c -g -O2  conftest.c >&5
configure:5169: $? = 0
configure:5169: result: yes
configure:5169: checking for sys/stat.h
configure:5169: x86_64-w64-mingw32-gcc -c -g -O2  conftest.c >&5
configure:5169: $? = 0
configure:5169: result: yes
configure:5169: checking for sys/types.h
configure:5169: x86_64-w64-mingw32-gcc -c -g -O2  conftest.c >&5
configure:5169: $? = 0
configure:5169: result: yes
configure:5169: checking for unistd.h
configure:5169: x86_64-w64-mingw32-gcc -c -g -O2  conftest.c >&5
configure:5169: $? = 0
configure:5169: result: yes
configure:5169: checking for wchar.h
configure:5169: x86_64-w64-mingw32-gcc -c -g -O2  conftest.c >&5
configure:5169: $? = 0
configure:5169: result: yes
configure:5169: checking for minix/config.h
configure:5169: x86_64-w64-mingw32-gcc -c -g -O2  conftest.c >&5
conftest.c:53:10: fatal error: minix/config.h: No such file or directory
   53 | #include <minix/config.h>
      |          ^~~~~~~~~~~~~~~~
compilation terminated.
configure:5169: $? = 1
configure: failed program was:
| /* confdefs.h */
| #define PACKAGE_NAME "chafa"
| #define PACKAGE_TARNAME "chafa"
| #define PACKAGE_VERSION "1.18.2"
| #define PACKAGE_STRING "chafa 1.18.2"
| #define PACKAGE_BUGREPORT "hpj@hpjansson.org"
| #define PACKAGE_URL ""
| #define PACKAGE "chafa"
| #define VERSION "1.18.2"
| #define CHAFA_MAJOR_VERSION 1
| #define CHAFA_MINOR_VERSION 18
| #define CHAFA_MICRO_VERSION 2
| #define CHAFA_VERSION "1.18.2"
| #define HAVE_STDIO_H 1
| #define HAVE_STDLIB_H 1
| #define HAVE_STRING_H 1
| #define HAVE_INTTYPES_H 1
| #define HAVE_STDINT_H 1
| #define HAVE_STRINGS_H 1
| #define HAVE_SYS_STAT_H 1
| #define HAVE_SYS_TYPES_H 1
| #define HAVE_UNISTD_H 1
| #define HAVE_WCHAR_H 1
| /* end confdefs.h.  */
| #include <stddef.h>
| #ifdef HAVE_STDIO_H
| # include <stdio.h>
| #endif
| #ifdef HAVE_STDLIB_H
| # include <stdlib.h>
| #endif
| #ifdef HAVE_STRING_H
| # include <string.h>
| #endif
| #ifdef HAVE_INTTYPES_H
| # include <inttypes.h>
| #endif
| #ifdef HAVE_STDINT_H
| # include <stdint.h>
| #endif
| #ifdef HAVE_STRINGS_H
| # include <strings.h>
| #endif
| #ifdef HAVE_SYS_TYPES_H
| # include <sys/types.h>
| #endif
| #ifdef HAVE_SYS_STAT_H
| # include <sys/stat.h>
| #endif
| #ifdef HAVE_UNISTD_H
| # include <unistd.h>
| #endif
| #include <minix/config.h>
configure:5169: result: no
configure:5200: checking whether it is safe to define __EXTENSIONS__
configure:5219: x86_64-w64-mingw32-gcc -c -g -O2  conftest.c >&5
configure:5219: $? = 0
configure:5229: result: yes
configure:5232: checking whether _XOPEN_SOURCE should be defined
configure:5254: x86_64-w64-mingw32-gcc -c -g -O2  conftest.c >&5
configure:5254: $? = 0
configure:5283: result: no
configure:5347: checking whether build environment is sane
configure:5392: result: yes
configure:5415: checking whether to enable maintainer-specific portions of Makefiles
configure:5426: result: no
configure:5440: checking for an ANSI C-conforming const
configure:5504: x86_64-w64-mingw32-gcc -c -g -O2  conftest.c >&5
configure:5504: $? = 0
configure:5514: result: yes
configure:5530: checking for x86_64-w64-mingw32-gcc
configure:5563: result: x86_64-w64-mingw32-gcc
configure:5968: checking for C compiler version
configure:5977: x86_64-w64-mingw32-gcc --version >&5
x86_64-w64-mingw32-gcc.exe (Rev5, Built by MSYS2 project) 16.1.0
Copyright (C) 2026 Free Software Foundation, Inc.
This is free software; see the source for copying conditions.  There is NO
warranty; not even for MERCHANTABILITY or FITNESS FOR A PARTICULAR PURPOSE.

configure:5988: $? = 0
configure:5977: x86_64-w64-mingw32-gcc -v >&5
Using built-in specs.
COLLECT_GCC=C:\msys64\mingw64\bin\x86_64-w64-mingw32-gcc.exe
COLLECT_LTO_WRAPPER=C:/msys64/mingw64/bin/../lib/gcc/x86_64-w64-mingw32/16.1.0/lto-wrapper.exe
Target: x86_64-w64-mingw32
Configured with: ../gcc-16.1.0/configure --prefix=/mingw64 --with-local-prefix=/mingw64/local --libexecdir=/mingw64/lib --enable-bootstrap --enable-checking=release --with-arch=nocona --with-tune=generic --enable-mingw-wildcard --enable-languages=c,c++,ada,fortran,lto,objc,obj-c++,jit --enable-shared --enable-static --enable-libatomic --enable-threads=posix --enable-tls --enable-graphite --enable-fully-dynamic-string --enable-libstdcxx-backtrace=yes --enable-libstdcxx-filesystem-ts --enable-libstdcxx-time --disable-libstdcxx-pch --enable-libgomp --disable-libssp --disable-multilib --disable-rpath --disable-win32-registry --disable-nls --disable-werror --disable-symvers --with-libiconv --with-system-zlib --with-gmp=/mingw64 --with-mpfr=/mingw64 --with-mpc=/mingw64 --with-isl=/mingw64 --with-pkgversion='Rev5, Built by MSYS2 project' --with-bugurl=https://github.com/msys2/MINGW-packages/issues --with-gnu-as --with-gnu-ld --with-libstdcxx-zoneinfo=yes --disable-libstdcxx-debug --enable-lto --with-boot-ldflags=-static-libstdc++ --with-stage1-ldflags=-static-libstdc++
Thread model: posix
Supported LTO compression algorithms: zlib zstd
gcc version 16.1.0 (Rev5, Built by MSYS2 project) 
configure:5988: $? = 0
configure:5977: x86_64-w64-mingw32-gcc -V >&5
x86_64-w64-mingw32-gcc.exe: error: unrecognized command-line option '-V'
x86_64-w64-mingw32-gcc.exe: fatal error: no input files
compilation terminated.
configure:5988: $? = 1
configure:5977: x86_64-w64-mingw32-gcc -qversion >&5
x86_64-w64-mingw32-gcc.exe: error: unrecognized command-line option '-qversion'; did you mean '--version'?
x86_64-w64-mingw32-gcc.exe: fatal error: no input files
compilation terminated.
configure:5988: $? = 1
configure:5977: x86_64-w64-mingw32-gcc -version >&5
x86_64-w64-mingw32-gcc.exe: error: unrecognized command-line option '-version'
x86_64-w64-mingw32-gcc.exe: fatal error: no input files
compilation terminated.
configure:5988: $? = 1
configure:5992: checking whether the compiler supports GNU C
configure:6024: result: yes
configure:6035: checking whether x86_64-w64-mingw32-gcc accepts -g
configure:6103: result: yes
configure:6123: checking for x86_64-w64-mingw32-gcc option to enable C23 features
configure:6152: result: unsupported
configure:6172: checking for x86_64-w64-mingw32-gcc option to enable C11 features
configure:6206: result: none needed
configure:6330: checking whether x86_64-w64-mingw32-gcc understands -c and -o together
configure:6372: result: yes
configure:6391: checking dependency style of x86_64-w64-mingw32-gcc
configure:6504: result: gcc3
configure:6524: checking how to run the C preprocessor
configure:6550: x86_64-w64-mingw32-gcc -E  conftest.c
configure:6550: $? = 0
configure:6566: x86_64-w64-mingw32-gcc -E  conftest.c
conftest.c:44:10: fatal error: ac_nonexistent.h: No such file or directory
   44 | #include <ac_nonexistent.h>
      |          ^~~~~~~~~~~~~~~~~~
compilation terminated.
configure:6566: $? = 1
configure: failed program was:
| /* confdefs.h */
| #define PACKAGE_NAME "chafa"
| #define PACKAGE_TARNAME "chafa"
| #define PACKAGE_VERSION "1.18.2"
| #define PACKAGE_STRING "chafa 1.18.2"
| #define PACKAGE_BUGREPORT "hpj@hpjansson.org"
| #define PACKAGE_URL ""
| #define PACKAGE "chafa"
| #define VERSION "1.18.2"
| #define CHAFA_MAJOR_VERSION 1
| #define CHAFA_MINOR_VERSION 18
| #define CHAFA_MICRO_VERSION 2
| #define CHAFA_VERSION "1.18.2"
| #define HAVE_STDIO_H 1
| #define HAVE_STDLIB_H 1
| #define HAVE_STRING_H 1
| #define HAVE_INTTYPES_H 1
| #define HAVE_STDINT_H 1
| #define HAVE_STRINGS_H 1
| #define HAVE_SYS_STAT_H 1
| #define HAVE_SYS_TYPES_H 1
| #define HAVE_UNISTD_H 1
| #define HAVE_WCHAR_H 1
| #define STDC_HEADERS 1
| #define _ALL_SOURCE 1
| #define _COSMO_SOURCE 1
| #define _DARWIN_C_SOURCE 1
| #define _GNU_SOURCE 1
| #define _HPUX_ALT_XOPEN_SOCKET_API 1
| #define _NETBSD_SOURCE 1
| #define _OPENBSD_SOURCE 1
| #define _POSIX_PTHREAD_SEMANTICS 1
| #define __STDC_WANT_IEC_60559_ATTRIBS_EXT__ 1
| #define __STDC_WANT_IEC_60559_BFP_EXT__ 1
| #define __STDC_WANT_IEC_60559_DFP_EXT__ 1
| #define __STDC_WANT_IEC_60559_EXT__ 1
| #define __STDC_WANT_IEC_60559_FUNCS_EXT__ 1
| #define __STDC_WANT_IEC_60559_TYPES_EXT__ 1
| #define __STDC_WANT_LIB_EXT2__ 1
| #define __STDC_WANT_MATH_SPEC_FUNCS__ 1
| #define _TANDEM_SOURCE 1
| #define __EXTENSIONS__ 1
| /* end confdefs.h.  */
| #include <ac_nonexistent.h>
configure:6595: result: x86_64-w64-mingw32-gcc -E
configure:6609: x86_64-w64-mingw32-gcc -E  conftest.c
configure:6609: $? = 0
configure:6625: x86_64-w64-mingw32-gcc -E  conftest.c
conftest.c:44:10: fatal error: ac_nonexistent.h: No such file or directory
   44 | #include <ac_nonexistent.h>
      |          ^~~~~~~~~~~~~~~~~~
compilation terminated.
configure:6625: $? = 1
configure: failed program was:
| /* confdefs.h */
| #define PACKAGE_NAME "chafa"
| #define PACKAGE_TARNAME "chafa"
| #define PACKAGE_VERSION "1.18.2"
| #define PACKAGE_STRING "chafa 1.18.2"
| #define PACKAGE_BUGREPORT "hpj@hpjansson.org"
| #define PACKAGE_URL ""
| #define PACKAGE "chafa"
| #define VERSION "1.18.2"
| #define CHAFA_MAJOR_VERSION 1
| #define CHAFA_MINOR_VERSION 18
| #define CHAFA_MICRO_VERSION 2
| #define CHAFA_VERSION "1.18.2"
| #define HAVE_STDIO_H 1
| #define HAVE_STDLIB_H 1
| #define HAVE_STRING_H 1
| #define HAVE_INTTYPES_H 1
| #define HAVE_STDINT_H 1
| #define HAVE_STRINGS_H 1
| #define HAVE_SYS_STAT_H 1
| #define HAVE_SYS_TYPES_H 1
| #define HAVE_UNISTD_H 1
| #define HAVE_WCHAR_H 1
| #define STDC_HEADERS 1
| #define _ALL_SOURCE 1
| #define _COSMO_SOURCE 1
| #define _DARWIN_C_SOURCE 1
| #define _GNU_SOURCE 1
| #define _HPUX_ALT_XOPEN_SOCKET_API 1
| #define _NETBSD_SOURCE 1
| #define _OPENBSD_SOURCE 1
| #define _POSIX_PTHREAD_SEMANTICS 1
| #define __STDC_WANT_IEC_60559_ATTRIBS_EXT__ 1
| #define __STDC_WANT_IEC_60559_BFP_EXT__ 1
| #define __STDC_WANT_IEC_60559_DFP_EXT__ 1
| #define __STDC_WANT_IEC_60559_EXT__ 1
| #define __STDC_WANT_IEC_60559_FUNCS_EXT__ 1
| #define __STDC_WANT_IEC_60559_TYPES_EXT__ 1
| #define __STDC_WANT_LIB_EXT2__ 1
| #define __STDC_WANT_MATH_SPEC_FUNCS__ 1
| #define _TANDEM_SOURCE 1
| #define __EXTENSIONS__ 1
| /* end confdefs.h.  */
| #include <ac_nonexistent.h>
configure:6664: checking for x86_64-w64-mingw32-ar
configure:6700: result: no
configure:6664: checking for x86_64-w64-mingw32-lib
configure:6700: result: no
configure:6664: checking for x86_64-w64-mingw32-link
configure:6700: result: no
configure:6714: checking for ar
configure:6735: found /mingw64/bin/ar
configure:6747: result: ar
configure:6774: checking the archiver (ar) interface
configure:6791: x86_64-w64-mingw32-gcc -c -g -O2  conftest.c >&5
configure:6791: $? = 0
configure:6794: ar cr libconftest.a conftest.o >&5
configure:6797: $? = 0
configure:6826: result: ar
configure:6883: checking build system type
configure:6899: result: x86_64-pc-cygwin
configure:6919: checking host system type
configure:6934: result: x86_64-w64-mingw32
configure:6975: checking how to print strings
configure:7002: result: printf
configure:7023: checking for a sed that does not truncate output
configure:7095: result: /usr/bin/sed
configure:7113: checking for grep that handles long lines and -e
configure:7179: result: /usr/bin/grep
configure:7184: checking for egrep
configure:7254: result: /usr/bin/grep -E
configure:7261: checking for fgrep
configure:7331: result: /usr/bin/grep -F
configure:7368: checking for ld used by x86_64-w64-mingw32-gcc
configure:7437: result: C:/msys64/mingw64/x86_64-w64-mingw32/bin/ld.exe
configure:7444: checking if the linker (C:/msys64/mingw64/x86_64-w64-mingw32/bin/ld.exe) is GNU ld
configure:7461: result: yes
configure:7473: checking for BSD- or MS-compatible name lister (nm)
configure:7529: result: no
configure:7543: checking for x86_64-w64-mingw32-dumpbin
configure:7579: result: no
configure:7543: checking for x86_64-w64-mingw32-link
configure:7579: result: no
configure:7593: checking for dumpbin
configure:7629: result: no
configure:7593: checking for link
configure:7614: found /usr/bin/link
configure:7626: result: link -dump
configure:7671: checking the name lister (nm) interface
configure:7679: x86_64-w64-mingw32-gcc -c -g -O2  conftest.c >&5
configure:7682: nm "conftest.o"
configure:7685: output
0000000000000000 b .bss
0000000000000000 d .data
0000000000000000 N .debug_abbrev
0000000000000000 N .debug_aranges
0000000000000000 N .debug_info
0000000000000000 N .debug_line
0000000000000000 N .debug_line_str
0000000000000000 r .rdata$zzz
0000000000000000 t .text
0000000000000000 B some_variable
configure:7693: result: BSD nm
configure:7696: checking whether ln -s works
configure:7703: result: no, using cp -pR
configure:7708: checking the maximum length of command line arguments
configure:7841: result: 8192
configure:7889: checking how to convert x86_64-pc-cygwin file names to x86_64-w64-mingw32 format
configure:7931: result: func_convert_file_cygwin_to_w32
configure:7938: checking how to convert x86_64-pc-cygwin file names to toolchain format
configure:7960: result: func_convert_file_noop
configure:7967: checking for C:/msys64/mingw64/x86_64-w64-mingw32/bin/ld.exe option to reload object files
configure:7976: result: -r
configure:8009: checking for file
configure:8030: found /usr/bin/file
configure:8043: result: file
configure:8060: checking for x86_64-w64-mingw32-objdump
configure:8096: result: no
configure:8106: checking for objdump
configure:8127: found /mingw64/bin/objdump
configure:8139: result: objdump
configure:8168: checking how to recognize dependent libraries
configure:8377: result: file_magic ^x86 archive import|^x86 DLL
configure:8422: checking for x86_64-w64-mingw32-dlltool
configure:8458: result: no
configure:8468: checking for dlltool
configure:8489: found /mingw64/bin/dlltool
configure:8501: result: dlltool
configure:8531: checking how to associate runtime and link libraries
configure:8560: result: func_cygming_dll_for_implib
configure:8574: checking for x86_64-w64-mingw32-ranlib
configure:8610: result: no
configure:8620: checking for ranlib
configure:8641: found /mingw64/bin/ranlib
configure:8653: result: ranlib
configure:8680: checking for x86_64-w64-mingw32-ar
configure:8713: result: ar
configure:8816: checking for archiver @FILE support
configure:8834: x86_64-w64-mingw32-gcc -c -g -O2  conftest.c >&5
configure:8834: $? = 0
configure:8838: ar cr libconftest.a @conftest.lst >&5
configure:8841: $? = 0
configure:8846: ar cr libconftest.a @conftest.lst >&5
C:\msys64\mingw64\bin\ar.exe: conftest.o: No such file or directory
configure:8849: $? = 1
configure:8862: result: @
configure:8880: checking for x86_64-w64-mingw32-strip
configure:8913: result: strip
configure:9062: checking command to parse nm output from x86_64-w64-mingw32-gcc object
configure:9216: x86_64-w64-mingw32-gcc -c -g -O2  conftest.c >&5
configure:9219: $? = 0
configure:9223: nm conftest.o | /usr/bin/sed -n -e 's/^.*[	 ]\([ABCDGIRSTW][ABCDGIRSTW]*\)[	 ][	 ]*\([_A-Za-z][_A-Za-z0-9]*\)$/\1 \2 \2/p' | /usr/bin/sed '/ __gnu_lto/d' > conftest.nm
configure:9289: x86_64-w64-mingw32-gcc -o conftest.exe -g -O2   conftest.c conftstm.o >&5
configure:9292: $? = 0
configure:9331: result: ok
configure:9378: checking for sysroot
configure:9412: result: no
configure:9419: checking for a working dd
configure:9464: result: /usr/bin/dd
configure:9468: checking how to truncate binary pipes
configure:9485: result: /usr/bin/dd bs=4096 count=1
configure:9779: checking for x86_64-w64-mingw32-mt
configure:9815: result: no
configure:9825: checking for mt
configure:9861: result: no
configure:9881: checking if : is a manifest tool
configure:9888: : '-?'
configure:9897: result: no
configure:10690: checking for dlfcn.h
configure:10690: x86_64-w64-mingw32-gcc -c -g -O2  conftest.c >&5
conftest.c:73:10: fatal error: dlfcn.h: No such file or directory
   73 | #include <dlfcn.h>
      |          ^~~~~~~~~
compilation terminated.
configure:10690: $? = 1
configure: failed program was:
| /* confdefs.h */
| #define PACKAGE_NAME "chafa"
| #define PACKAGE_TARNAME "chafa"
| #define PACKAGE_VERSION "1.18.2"
| #define PACKAGE_STRING "chafa 1.18.2"
| #define PACKAGE_BUGREPORT "hpj@hpjansson.org"
| #define PACKAGE_URL ""
| #define PACKAGE "chafa"
| #define VERSION "1.18.2"
| #define CHAFA_MAJOR_VERSION 1
| #define CHAFA_MINOR_VERSION 18
| #define CHAFA_MICRO_VERSION 2
| #define CHAFA_VERSION "1.18.2"
| #define HAVE_STDIO_H 1
| #define HAVE_STDLIB_H 1
| #define HAVE_STRING_H 1
| #define HAVE_INTTYPES_H 1
| #define HAVE_STDINT_H 1
| #define HAVE_STRINGS_H 1
| #define HAVE_SYS_STAT_H 1
| #define HAVE_SYS_TYPES_H 1
| #define HAVE_UNISTD_H 1
| #define HAVE_WCHAR_H 1
| #define STDC_HEADERS 1
| #define _ALL_SOURCE 1
| #define _COSMO_SOURCE 1
| #define _DARWIN_C_SOURCE 1
| #define _GNU_SOURCE 1
| #define _HPUX_ALT_XOPEN_SOCKET_API 1
| #define _NETBSD_SOURCE 1
| #define _OPENBSD_SOURCE 1
| #define _POSIX_PTHREAD_SEMANTICS 1
| #define __STDC_WANT_IEC_60559_ATTRIBS_EXT__ 1
| #define __STDC_WANT_IEC_60559_BFP_EXT__ 1
| #define __STDC_WANT_IEC_60559_DFP_EXT__ 1
| #define __STDC_WANT_IEC_60559_EXT__ 1
| #define __STDC_WANT_IEC_60559_FUNCS_EXT__ 1
| #define __STDC_WANT_IEC_60559_TYPES_EXT__ 1
| #define __STDC_WANT_LIB_EXT2__ 1
| #define __STDC_WANT_MATH_SPEC_FUNCS__ 1
| #define _TANDEM_SOURCE 1
| #define __EXTENSIONS__ 1
| /* end confdefs.h.  */
| #include <stddef.h>
| #ifdef HAVE_STDIO_H
| # include <stdio.h>
| #endif
| #ifdef HAVE_STDLIB_H
| # include <stdlib.h>
| #endif
| #ifdef HAVE_STRING_H
| # include <string.h>
| #endif
| #ifdef HAVE_INTTYPES_H
| # include <inttypes.h>
| #endif
| #ifdef HAVE_STDINT_H
| # include <stdint.h>
| #endif
| #ifdef HAVE_STRINGS_H
| # include <strings.h>
| #endif
| #ifdef HAVE_SYS_TYPES_H
| # include <sys/types.h>
| #endif
| #ifdef HAVE_SYS_STAT_H
| # include <sys/stat.h>
| #endif
| #ifdef HAVE_UNISTD_H
| # include <unistd.h>
| #endif
| 
| #include <dlfcn.h>
configure:10690: result: no
configure:10710: checking for x86_64-w64-mingw32-as
configure:10746: result: no
configure:10756: checking for as
configure:10777: found /mingw64/bin/as
configure:10789: result: as
configure:10814: checking for x86_64-w64-mingw32-dlltool
configure:10847: result: dlltool
configure:10918: checking for x86_64-w64-mingw32-objdump
configure:10951: result: objdump
configure:11327: checking for objdir
configure:11344: result: .libs
configure:11610: checking if x86_64-w64-mingw32-gcc supports -fno-rtti -fno-exceptions
configure:11629: x86_64-w64-mingw32-gcc -c -g -O2  -fno-rtti -fno-exceptions conftest.c >&5
cc1.exe: warning: command-line option '-fno-rtti' is valid for C++/D/ObjC++ but not for C
configure:11633: $? = 0
configure:11647: result: no
configure:12020: checking for x86_64-w64-mingw32-gcc option to produce PIC
configure:12029: result: -DDLL_EXPORT -DPIC
configure:12037: checking if x86_64-w64-mingw32-gcc PIC flag -DDLL_EXPORT -DPIC works
configure:12056: x86_64-w64-mingw32-gcc -c -g -O2  -DDLL_EXPORT -DPIC -DPIC conftest.c >&5
configure:12060: $? = 0
configure:12074: result: yes
configure:12103: checking if x86_64-w64-mingw32-gcc static flag -static works
configure:12133: result: yes
configure:12148: checking if x86_64-w64-mingw32-gcc supports -c -o file.o
configure:12170: x86_64-w64-mingw32-gcc -c -g -O2  -o out/conftest2.o conftest.c >&5
configure:12174: $? = 0
configure:12197: result: yes
configure:12205: checking if x86_64-w64-mingw32-gcc supports -c -o file.o
configure:12254: result: yes
configure:12287: checking whether the x86_64-w64-mingw32-gcc linker (C:/msys64/mingw64/x86_64-w64-mingw32/bin/ld.exe) supports shared libraries
configure:13571: result: yes
configure:13813: checking dynamic linker characteristics
configure:15197: result: Win32 ld.exe
configure:15319: checking how to hardcode library paths into programs
configure:15344: result: immediate
configure:15944: checking whether stripping libraries is possible
configure:15953: result: yes
configure:15995: checking if libtool supports shared libraries
configure:15997: result: yes
configure:16000: checking whether to build shared libraries
configure:16025: result: no
configure:16028: checking whether to build static libraries
configure:16032: result: yes
configure:16071: checking whether C compiler accepts -Wc11-c2x-compat
configure:16091: x86_64-w64-mingw32-gcc -c -g -O2 -Werror -Wc11-c2x-compat  conftest.c >&5
configure:16091: $? = 0
configure:16102: result: yes
configure:16112: checking whether C compiler accepts -Wc99-c11-compat
configure:16132: x86_64-w64-mingw32-gcc -c -g -O2 -Werror -Wc99-c11-compat  conftest.c >&5
configure:16132: $? = 0
configure:16143: result: yes
configure:16153: checking whether C compiler accepts -Wfor-loop-analysis
configure:16173: x86_64-w64-mingw32-gcc -c -g -O2 -Werror -Wfor-loop-analysis  conftest.c >&5
x86_64-w64-mingw32-gcc.exe: error: unrecognized command-line option '-Wfor-loop-analysis'
configure:16173: $? = 1
configure: failed program was:
| /* confdefs.h */
| #define PACKAGE_NAME "chafa"
| #define PACKAGE_TARNAME "chafa"
| #define PACKAGE_VERSION "1.18.2"
| #define PACKAGE_STRING "chafa 1.18.2"
| #define PACKAGE_BUGREPORT "hpj@hpjansson.org"
| #define PACKAGE_URL ""
| #define PACKAGE "chafa"
| #define VERSION "1.18.2"
| #define CHAFA_MAJOR_VERSION 1
| #define CHAFA_MINOR_VERSION 18
| #define CHAFA_MICRO_VERSION 2
| #define CHAFA_VERSION "1.18.2"
| #define HAVE_STDIO_H 1
| #define HAVE_STDLIB_H 1
| #define HAVE_STRING_H 1
| #define HAVE_INTTYPES_H 1
| #define HAVE_STDINT_H 1
| #define HAVE_STRINGS_H 1
| #define HAVE_SYS_STAT_H 1
| #define HAVE_SYS_TYPES_H 1
| #define HAVE_UNISTD_H 1
| #define HAVE_WCHAR_H 1
| #define STDC_HEADERS 1
| #define _ALL_SOURCE 1
| #define _COSMO_SOURCE 1
| #define _DARWIN_C_SOURCE 1
| #define _GNU_SOURCE 1
| #define _HPUX_ALT_XOPEN_SOCKET_API 1
| #define _NETBSD_SOURCE 1
| #define _OPENBSD_SOURCE 1
| #define _POSIX_PTHREAD_SEMANTICS 1
| #define __STDC_WANT_IEC_60559_ATTRIBS_EXT__ 1
| #define __STDC_WANT_IEC_60559_BFP_EXT__ 1
| #define __STDC_WANT_IEC_60559_DFP_EXT__ 1
| #define __STDC_WANT_IEC_60559_EXT__ 1
| #define __STDC_WANT_IEC_60559_FUNCS_EXT__ 1
| #define __STDC_WANT_IEC_60559_TYPES_EXT__ 1
| #define __STDC_WANT_LIB_EXT2__ 1
| #define __STDC_WANT_MATH_SPEC_FUNCS__ 1
| #define _TANDEM_SOURCE 1
| #define __EXTENSIONS__ 1
| #define LT_OBJDIR ".libs/"
| /* end confdefs.h.  */
| 
| int
| main (void)
| {
| 
|   ;
|   return 0;
| }
configure:16184: result: no
configure:16194: checking whether C compiler accepts -Wlogical-op
configure:16214: x86_64-w64-mingw32-gcc -c -g -O2 -Werror -Wlogical-op  conftest.c >&5
configure:16214: $? = 0
configure:16225: result: yes
configure:16235: checking whether C compiler accepts -Wlogical-op-parentheses
configure:16255: x86_64-w64-mingw32-gcc -c -g -O2 -Werror -Wlogical-op-parentheses  conftest.c >&5
x86_64-w64-mingw32-gcc.exe: error: unrecognized command-line option '-Wlogical-op-parentheses'; did you mean '-Wlogical-not-parentheses'?
configure:16255: $? = 1
configure: failed program was:
| /* confdefs.h */
| #define PACKAGE_NAME "chafa"
| #define PACKAGE_TARNAME "chafa"
| #define PACKAGE_VERSION "1.18.2"
| #define PACKAGE_STRING "chafa 1.18.2"
| #define PACKAGE_BUGREPORT "hpj@hpjansson.org"
| #define PACKAGE_URL ""
| #define PACKAGE "chafa"
| #define VERSION "1.18.2"
| #define CHAFA_MAJOR_VERSION 1
| #define CHAFA_MINOR_VERSION 18
| #define CHAFA_MICRO_VERSION 2
| #define CHAFA_VERSION "1.18.2"
| #define HAVE_STDIO_H 1
| #define HAVE_STDLIB_H 1
| #define HAVE_STRING_H 1
| #define HAVE_INTTYPES_H 1
| #define HAVE_STDINT_H 1
| #define HAVE_STRINGS_H 1
| #define HAVE_SYS_STAT_H 1
| #define HAVE_SYS_TYPES_H 1
| #define HAVE_UNISTD_H 1
| #define HAVE_WCHAR_H 1
| #define STDC_HEADERS 1
| #define _ALL_SOURCE 1
| #define _COSMO_SOURCE 1
| #define _DARWIN_C_SOURCE 1
| #define _GNU_SOURCE 1
| #define _HPUX_ALT_XOPEN_SOCKET_API 1
| #define _NETBSD_SOURCE 1
| #define _OPENBSD_SOURCE 1
| #define _POSIX_PTHREAD_SEMANTICS 1
| #define __STDC_WANT_IEC_60559_ATTRIBS_EXT__ 1
| #define __STDC_WANT_IEC_60559_BFP_EXT__ 1
| #define __STDC_WANT_IEC_60559_DFP_EXT__ 1
| #define __STDC_WANT_IEC_60559_EXT__ 1
| #define __STDC_WANT_IEC_60559_FUNCS_EXT__ 1
| #define __STDC_WANT_IEC_60559_TYPES_EXT__ 1
| #define __STDC_WANT_LIB_EXT2__ 1
| #define __STDC_WANT_MATH_SPEC_FUNCS__ 1
| #define _TANDEM_SOURCE 1
| #define __EXTENSIONS__ 1
| #define LT_OBJDIR ".libs/"
| /* end confdefs.h.  */
| 
| int
| main (void)
| {
| 
|   ;
|   return 0;
| }
configure:16266: result: no
configure:16276: checking whether C compiler accepts -Wstack-usage=131072
configure:16296: x86_64-w64-mingw32-gcc -c -g -O2 -Werror -Wstack-usage=131072  conftest.c >&5
configure:16296: $? = 0
configure:16307: result: yes
configure:16317: checking whether C compiler accepts -Wtrampolines
configure:16337: x86_64-w64-mingw32-gcc -c -g -O2 -Werror -Wtrampolines  conftest.c >&5
configure:16337: $? = 0
configure:16348: result: yes
configure:16358: checking whether C compiler accepts -Wdouble-promotion
configure:16378: x86_64-w64-mingw32-gcc -c -g -O2 -Werror -Wdouble-promotion  conftest.c >&5
configure:16378: $? = 0
configure:16389: result: yes
configure:16415: checking for x86_64-w64-mingw32-pkg-config
configure:16438: found /mingw64/bin/x86_64-w64-mingw32-pkg-config
configure:16451: result: /mingw64/bin/x86_64-w64-mingw32-pkg-config
configure:16525: checking pkg-config is at least version 0.9.0
configure:16528: result: yes
configure:16541: checking for glib-2.0 >= 2.58
configure:16548: $PKG_CONFIG --exists --print-errors "glib-2.0 >= 2.58"
configure:16551: $? = 0
configure:16565: $PKG_CONFIG --exists --print-errors "glib-2.0 >= 2.58"
configure:16568: $? = 0
configure:16626: result: yes
configure:17545: checking for gtk-doc
configure:17548: $PKG_CONFIG --exists --print-errors "$gtk_doc_requires"
Package gtk-doc was not found in the pkg-config search path.
Perhaps you should add the directory containing `gtk-doc.pc'
to the PKG_CONFIG_PATH environment variable
Package 'gtk-doc' not found
configure:17551: $? = 1
configure:17557: result: no
configure:17561: WARNING:
  You will not be able to create source packages with 'make dist'
  because gtk-doc >= 1.20 is not found.
configure:17571: checking for gtkdoc-check
configure:17607: result: no
configure:17614: checking for gtkdoc-check
configure:17653: result: no
configure:17662: checking for gtkdoc-rebase
configure:17701: result: no
configure:17712: checking for gtkdoc-mkpdf
configure:17751: result: no
configure:17780: checking whether to build gtk-doc documentation
configure:17782: result: no
configure:17795: checking for glib-2.0 >= 2.10.0 gobject-2.0  >= 2.10.0
configure:17802: $PKG_CONFIG --exists --print-errors "glib-2.0 >= 2.10.0 gobject-2.0  >= 2.10.0"
configure:17805: $? = 0
configure:17819: $PKG_CONFIG --exists --print-errors "glib-2.0 >= 2.10.0 gobject-2.0  >= 2.10.0"
configure:17822: $? = 0
configure:17860: result: yes
configure:17960: checking for xsltproc
configure:17999: result: no
configure:18034: checking for XML catalog (/etc/xml/catalog)
configure:18041: result: not found
configure:18048: checking for xmlcatalog
configure:18085: result: no
configure:18184: checking whether to generate man pages
configure:18195: result: no
configure:18202: checking for ctermid
configure:18202: x86_64-w64-mingw32-gcc -o conftest.exe -g -O2   conftest.c  >&5
C:/msys64/mingw64/bin/../lib/gcc/x86_64-w64-mingw32/16.1.0/../../../../x86_64-w64-mingw32/bin/ld.exe: C:\msys64\tmp\ccEEjoT5.o: in function `main':
C:/Users/suzuko/dev/go/go-lf-preview/.native/chafa-source/chafa-1.18.2/conftest.c:72:(.text.startup+0xa): undefined reference to `ctermid'
collect2.exe: error: ld returned 1 exit status
configure:18202: $? = 1
configure: failed program was:
| /* confdefs.h */
| #define PACKAGE_NAME "chafa"
| #define PACKAGE_TARNAME "chafa"
| #define PACKAGE_VERSION "1.18.2"
| #define PACKAGE_STRING "chafa 1.18.2"
| #define PACKAGE_BUGREPORT "hpj@hpjansson.org"
| #define PACKAGE_URL ""
| #define PACKAGE "chafa"
| #define VERSION "1.18.2"
| #define CHAFA_MAJOR_VERSION 1
| #define CHAFA_MINOR_VERSION 18
| #define CHAFA_MICRO_VERSION 2
| #define CHAFA_VERSION "1.18.2"
| #define HAVE_STDIO_H 1
| #define HAVE_STDLIB_H 1
| #define HAVE_STRING_H 1
| #define HAVE_INTTYPES_H 1
| #define HAVE_STDINT_H 1
| #define HAVE_STRINGS_H 1
| #define HAVE_SYS_STAT_H 1
| #define HAVE_SYS_TYPES_H 1
| #define HAVE_UNISTD_H 1
| #define HAVE_WCHAR_H 1
| #define STDC_HEADERS 1
| #define _ALL_SOURCE 1
| #define _COSMO_SOURCE 1
| #define _DARWIN_C_SOURCE 1
| #define _GNU_SOURCE 1
| #define _HPUX_ALT_XOPEN_SOCKET_API 1
| #define _NETBSD_SOURCE 1
| #define _OPENBSD_SOURCE 1
| #define _POSIX_PTHREAD_SEMANTICS 1
| #define __STDC_WANT_IEC_60559_ATTRIBS_EXT__ 1
| #define __STDC_WANT_IEC_60559_BFP_EXT__ 1
| #define __STDC_WANT_IEC_60559_DFP_EXT__ 1
| #define __STDC_WANT_IEC_60559_EXT__ 1
| #define __STDC_WANT_IEC_60559_FUNCS_EXT__ 1
| #define __STDC_WANT_IEC_60559_TYPES_EXT__ 1
| #define __STDC_WANT_LIB_EXT2__ 1
| #define __STDC_WANT_MATH_SPEC_FUNCS__ 1
| #define _TANDEM_SOURCE 1
| #define __EXTENSIONS__ 1
| #define LT_OBJDIR ".libs/"
| /* end confdefs.h.  */
| /* Define ctermid to an innocuous variant, in case <limits.h> declares ctermid.
|    For example, HP-UX 11i <limits.h> declares gettimeofday.  */
| #define ctermid innocuous_ctermid
| 
| /* System header to define __stub macros and hopefully few prototypes,
|    which can conflict with char ctermid (void); below.  */
| 
| #include <limits.h>
| #undef ctermid
| 
| /* Override any GCC internal prototype to avoid an error.
|    Use char because int might match the return type of a GCC
|    builtin and then its argument prototype would still apply.  */
| #ifdef __cplusplus
| extern "C"
| #endif
| char ctermid (void);
| /* The GNU C library defines this for functions which it implements
|     to always fail with ENOSYS.  Some functions are actually named
|     something starting with __ and the normal name is an alias.  */
| #if defined __stub_ctermid || defined __stub___ctermid
| choke me
| #endif
| 
| int
| main (void)
| {
| return ctermid ();
|   ;
|   return 0;
| }
configure:18202: result: no
configure:18208: checking for getrandom
configure:18208: x86_64-w64-mingw32-gcc -o conftest.exe -g -O2   conftest.c  >&5
C:/msys64/mingw64/bin/../lib/gcc/x86_64-w64-mingw32/16.1.0/../../../../x86_64-w64-mingw32/bin/ld.exe: C:\msys64\tmp\ccg6r3cd.o: in function `main':
C:/Users/suzuko/dev/go/go-lf-preview/.native/chafa-source/chafa-1.18.2/conftest.c:72:(.text.startup+0xa): undefined reference to `getrandom'
collect2.exe: error: ld returned 1 exit status
configure:18208: $? = 1
configure: failed program was:
| /* confdefs.h */
| #define PACKAGE_NAME "chafa"
| #define PACKAGE_TARNAME "chafa"
| #define PACKAGE_VERSION "1.18.2"
| #define PACKAGE_STRING "chafa 1.18.2"
| #define PACKAGE_BUGREPORT "hpj@hpjansson.org"
| #define PACKAGE_URL ""
| #define PACKAGE "chafa"
| #define VERSION "1.18.2"
| #define CHAFA_MAJOR_VERSION 1
| #define CHAFA_MINOR_VERSION 18
| #define CHAFA_MICRO_VERSION 2
| #define CHAFA_VERSION "1.18.2"
| #define HAVE_STDIO_H 1
| #define HAVE_STDLIB_H 1
| #define HAVE_STRING_H 1
| #define HAVE_INTTYPES_H 1
| #define HAVE_STDINT_H 1
| #define HAVE_STRINGS_H 1
| #define HAVE_SYS_STAT_H 1
| #define HAVE_SYS_TYPES_H 1
| #define HAVE_UNISTD_H 1
| #define HAVE_WCHAR_H 1
| #define STDC_HEADERS 1
| #define _ALL_SOURCE 1
| #define _COSMO_SOURCE 1
| #define _DARWIN_C_SOURCE 1
| #define _GNU_SOURCE 1
| #define _HPUX_ALT_XOPEN_SOCKET_API 1
| #define _NETBSD_SOURCE 1
| #define _OPENBSD_SOURCE 1
| #define _POSIX_PTHREAD_SEMANTICS 1
| #define __STDC_WANT_IEC_60559_ATTRIBS_EXT__ 1
| #define __STDC_WANT_IEC_60559_BFP_EXT__ 1
| #define __STDC_WANT_IEC_60559_DFP_EXT__ 1
| #define __STDC_WANT_IEC_60559_EXT__ 1
| #define __STDC_WANT_IEC_60559_FUNCS_EXT__ 1
| #define __STDC_WANT_IEC_60559_TYPES_EXT__ 1
| #define __STDC_WANT_LIB_EXT2__ 1
| #define __STDC_WANT_MATH_SPEC_FUNCS__ 1
| #define _TANDEM_SOURCE 1
| #define __EXTENSIONS__ 1
| #define LT_OBJDIR ".libs/"
| /* end confdefs.h.  */
| /* Define getrandom to an innocuous variant, in case <limits.h> declares getrandom.
|    For example, HP-UX 11i <limits.h> declares gettimeofday.  */
| #define getrandom innocuous_getrandom
| 
| /* System header to define __stub macros and hopefully few prototypes,
|    which can conflict with char getrandom (void); below.  */
| 
| #include <limits.h>
| #undef getrandom
| 
| /* Override any GCC internal prototype to avoid an error.
|    Use char because int might match the return type of a GCC
|    builtin and then its argument prototype would still apply.  */
| #ifdef __cplusplus
| extern "C"
| #endif
| char getrandom (void);
| /* The GNU C library defines this for functions which it implements
|     to always fail with ENOSYS.  Some functions are actually named
|     something starting with __ and the normal name is an alias.  */
| #if defined __stub_getrandom || defined __stub___getrandom
| choke me
| #endif
| 
| int
| main (void)
| {
| return getrandom ();
|   ;
|   return 0;
| }
configure:18208: result: no
configure:18214: checking for mmap
configure:18214: x86_64-w64-mingw32-gcc -o conftest.exe -g -O2   conftest.c  >&5
C:/msys64/mingw64/bin/../lib/gcc/x86_64-w64-mingw32/16.1.0/../../../../x86_64-w64-mingw32/bin/ld.exe: C:\msys64\tmp\cc2F4vx7.o: in function `main':
C:/Users/suzuko/dev/go/go-lf-preview/.native/chafa-source/chafa-1.18.2/conftest.c:72:(.text.startup+0xa): undefined reference to `mmap'
collect2.exe: error: ld returned 1 exit status
configure:18214: $? = 1
configure: failed program was:
| /* confdefs.h */
| #define PACKAGE_NAME "chafa"
| #define PACKAGE_TARNAME "chafa"
| #define PACKAGE_VERSION "1.18.2"
| #define PACKAGE_STRING "chafa 1.18.2"
| #define PACKAGE_BUGREPORT "hpj@hpjansson.org"
| #define PACKAGE_URL ""
| #define PACKAGE "chafa"
| #define VERSION "1.18.2"
| #define CHAFA_MAJOR_VERSION 1
| #define CHAFA_MINOR_VERSION 18
| #define CHAFA_MICRO_VERSION 2
| #define CHAFA_VERSION "1.18.2"
| #define HAVE_STDIO_H 1
| #define HAVE_STDLIB_H 1
| #define HAVE_STRING_H 1
| #define HAVE_INTTYPES_H 1
| #define HAVE_STDINT_H 1
| #define HAVE_STRINGS_H 1
| #define HAVE_SYS_STAT_H 1
| #define HAVE_SYS_TYPES_H 1
| #define HAVE_UNISTD_H 1
| #define HAVE_WCHAR_H 1
| #define STDC_HEADERS 1
| #define _ALL_SOURCE 1
| #define _COSMO_SOURCE 1
| #define _DARWIN_C_SOURCE 1
| #define _GNU_SOURCE 1
| #define _HPUX_ALT_XOPEN_SOCKET_API 1
| #define _NETBSD_SOURCE 1
| #define _OPENBSD_SOURCE 1
| #define _POSIX_PTHREAD_SEMANTICS 1
| #define __STDC_WANT_IEC_60559_ATTRIBS_EXT__ 1
| #define __STDC_WANT_IEC_60559_BFP_EXT__ 1
| #define __STDC_WANT_IEC_60559_DFP_EXT__ 1
| #define __STDC_WANT_IEC_60559_EXT__ 1
| #define __STDC_WANT_IEC_60559_FUNCS_EXT__ 1
| #define __STDC_WANT_IEC_60559_TYPES_EXT__ 1
| #define __STDC_WANT_LIB_EXT2__ 1
| #define __STDC_WANT_MATH_SPEC_FUNCS__ 1
| #define _TANDEM_SOURCE 1
| #define __EXTENSIONS__ 1
| #define LT_OBJDIR ".libs/"
| /* end confdefs.h.  */
| /* Define mmap to an innocuous variant, in case <limits.h> declares mmap.
|    For example, HP-UX 11i <limits.h> declares gettimeofday.  */
| #define mmap innocuous_mmap
| 
| /* System header to define __stub macros and hopefully few prototypes,
|    which can conflict with char mmap (void); below.  */
| 
| #include <limits.h>
| #undef mmap
| 
| /* Override any GCC internal prototype to avoid an error.
|    Use char because int might match the return type of a GCC
|    builtin and then its argument prototype would still apply.  */
| #ifdef __cplusplus
| extern "C"
| #endif
| char mmap (void);
| /* The GNU C library defines this for functions which it implements
|     to always fail with ENOSYS.  Some functions are actually named
|     something starting with __ and the normal name is an alias.  */
| #if defined __stub_mmap || defined __stub___mmap
| choke me
| #endif
| 
| int
| main (void)
| {
| return mmap ();
|   ;
|   return 0;
| }
configure:18214: result: no
configure:18220: checking for sigaction
configure:18220: x86_64-w64-mingw32-gcc -o conftest.exe -g -O2   conftest.c  >&5
C:/msys64/mingw64/bin/../lib/gcc/x86_64-w64-mingw32/16.1.0/../../../../x86_64-w64-mingw32/bin/ld.exe: C:\msys64\tmp\cciwfvil.o: in function `main':
C:/Users/suzuko/dev/go/go-lf-preview/.native/chafa-source/chafa-1.18.2/conftest.c:72:(.text.startup+0xa): undefined reference to `sigaction'
collect2.exe: error: ld returned 1 exit status
configure:18220: $? = 1
configure: failed program was:
| /* confdefs.h */
| #define PACKAGE_NAME "chafa"
| #define PACKAGE_TARNAME "chafa"
| #define PACKAGE_VERSION "1.18.2"
| #define PACKAGE_STRING "chafa 1.18.2"
| #define PACKAGE_BUGREPORT "hpj@hpjansson.org"
| #define PACKAGE_URL ""
| #define PACKAGE "chafa"
| #define VERSION "1.18.2"
| #define CHAFA_MAJOR_VERSION 1
| #define CHAFA_MINOR_VERSION 18
| #define CHAFA_MICRO_VERSION 2
| #define CHAFA_VERSION "1.18.2"
| #define HAVE_STDIO_H 1
| #define HAVE_STDLIB_H 1
| #define HAVE_STRING_H 1
| #define HAVE_INTTYPES_H 1
| #define HAVE_STDINT_H 1
| #define HAVE_STRINGS_H 1
| #define HAVE_SYS_STAT_H 1
| #define HAVE_SYS_TYPES_H 1
| #define HAVE_UNISTD_H 1
| #define HAVE_WCHAR_H 1
| #define STDC_HEADERS 1
| #define _ALL_SOURCE 1
| #define _COSMO_SOURCE 1
| #define _DARWIN_C_SOURCE 1
| #define _GNU_SOURCE 1
| #define _HPUX_ALT_XOPEN_SOCKET_API 1
| #define _NETBSD_SOURCE 1
| #define _OPENBSD_SOURCE 1
| #define _POSIX_PTHREAD_SEMANTICS 1
| #define __STDC_WANT_IEC_60559_ATTRIBS_EXT__ 1
| #define __STDC_WANT_IEC_60559_BFP_EXT__ 1
| #define __STDC_WANT_IEC_60559_DFP_EXT__ 1
| #define __STDC_WANT_IEC_60559_EXT__ 1
| #define __STDC_WANT_IEC_60559_FUNCS_EXT__ 1
| #define __STDC_WANT_IEC_60559_TYPES_EXT__ 1
| #define __STDC_WANT_LIB_EXT2__ 1
| #define __STDC_WANT_MATH_SPEC_FUNCS__ 1
| #define _TANDEM_SOURCE 1
| #define __EXTENSIONS__ 1
| #define LT_OBJDIR ".libs/"
| /* end confdefs.h.  */
| /* Define sigaction to an innocuous variant, in case <limits.h> declares sigaction.
|    For example, HP-UX 11i <limits.h> declares gettimeofday.  */
| #define sigaction innocuous_sigaction
| 
| /* System header to define __stub macros and hopefully few prototypes,
|    which can conflict with char sigaction (void); below.  */
| 
| #include <limits.h>
| #undef sigaction
| 
| /* Override any GCC internal prototype to avoid an error.
|    Use char because int might match the return type of a GCC
|    builtin and then its argument prototype would still apply.  */
| #ifdef __cplusplus
| extern "C"
| #endif
| char sigaction (void);
| /* The GNU C library defines this for functions which it implements
|     to always fail with ENOSYS.  Some functions are actually named
|     something starting with __ and the normal name is an alias.  */
| #if defined __stub_sigaction || defined __stub___sigaction
| choke me
| #endif
| 
| int
| main (void)
| {
| return sigaction ();
|   ;
|   return 0;
| }
configure:18220: result: no
configure:18226: checking for setitimer
configure:18226: x86_64-w64-mingw32-gcc -o conftest.exe -g -O2   conftest.c  >&5
C:/msys64/mingw64/bin/../lib/gcc/x86_64-w64-mingw32/16.1.0/../../../../x86_64-w64-mingw32/bin/ld.exe: C:\msys64\tmp\ccMCB02b.o: in function `main':
C:/Users/suzuko/dev/go/go-lf-preview/.native/chafa-source/chafa-1.18.2/conftest.c:72:(.text.startup+0xa): undefined reference to `setitimer'
collect2.exe: error: ld returned 1 exit status
configure:18226: $? = 1
configure: failed program was:
| /* confdefs.h */
| #define PACKAGE_NAME "chafa"
| #define PACKAGE_TARNAME "chafa"
| #define PACKAGE_VERSION "1.18.2"
| #define PACKAGE_STRING "chafa 1.18.2"
| #define PACKAGE_BUGREPORT "hpj@hpjansson.org"
| #define PACKAGE_URL ""
| #define PACKAGE "chafa"
| #define VERSION "1.18.2"
| #define CHAFA_MAJOR_VERSION 1
| #define CHAFA_MINOR_VERSION 18
| #define CHAFA_MICRO_VERSION 2
| #define CHAFA_VERSION "1.18.2"
| #define HAVE_STDIO_H 1
| #define HAVE_STDLIB_H 1
| #define HAVE_STRING_H 1
| #define HAVE_INTTYPES_H 1
| #define HAVE_STDINT_H 1
| #define HAVE_STRINGS_H 1
| #define HAVE_SYS_STAT_H 1
| #define HAVE_SYS_TYPES_H 1
| #define HAVE_UNISTD_H 1
| #define HAVE_WCHAR_H 1
| #define STDC_HEADERS 1
| #define _ALL_SOURCE 1
| #define _COSMO_SOURCE 1
| #define _DARWIN_C_SOURCE 1
| #define _GNU_SOURCE 1
| #define _HPUX_ALT_XOPEN_SOCKET_API 1
| #define _NETBSD_SOURCE 1
| #define _OPENBSD_SOURCE 1
| #define _POSIX_PTHREAD_SEMANTICS 1
| #define __STDC_WANT_IEC_60559_ATTRIBS_EXT__ 1
| #define __STDC_WANT_IEC_60559_BFP_EXT__ 1
| #define __STDC_WANT_IEC_60559_DFP_EXT__ 1
| #define __STDC_WANT_IEC_60559_EXT__ 1
| #define __STDC_WANT_IEC_60559_FUNCS_EXT__ 1
| #define __STDC_WANT_IEC_60559_TYPES_EXT__ 1
| #define __STDC_WANT_LIB_EXT2__ 1
| #define __STDC_WANT_MATH_SPEC_FUNCS__ 1
| #define _TANDEM_SOURCE 1
| #define __EXTENSIONS__ 1
| #define LT_OBJDIR ".libs/"
| /* end confdefs.h.  */
| /* Define setitimer to an innocuous variant, in case <limits.h> declares setitimer.
|    For example, HP-UX 11i <limits.h> declares gettimeofday.  */
| #define setitimer innocuous_setitimer
| 
| /* System header to define __stub macros and hopefully few prototypes,
|    which can conflict with char setitimer (void); below.  */
| 
| #include <limits.h>
| #undef setitimer
| 
| /* Override any GCC internal prototype to avoid an error.
|    Use char because int might match the return type of a GCC
|    builtin and then its argument prototype would still apply.  */
| #ifdef __cplusplus
| extern "C"
| #endif
| char setitimer (void);
| /* The GNU C library defines this for functions which it implements
|     to always fail with ENOSYS.  Some functions are actually named
|     something starting with __ and the normal name is an alias.  */
| #if defined __stub_setitimer || defined __stub___setitimer
| choke me
| #endif
| 
| int
| main (void)
| {
| return setitimer ();
|   ;
|   return 0;
| }
configure:18226: result: no
configure:18233: checking for sys/time.h
configure:18233: x86_64-w64-mingw32-gcc -c -g -O2  conftest.c >&5
configure:18233: $? = 0
configure:18233: result: yes
configure:18239: checking for sys/ioctl.h
configure:18239: x86_64-w64-mingw32-gcc -c -g -O2  conftest.c >&5
conftest.c:74:10: fatal error: sys/ioctl.h: No such file or directory
   74 | #include <sys/ioctl.h>
      |          ^~~~~~~~~~~~~
compilation terminated.
configure:18239: $? = 1
configure: failed program was:
| /* confdefs.h */
| #define PACKAGE_NAME "chafa"
| #define PACKAGE_TARNAME "chafa"
| #define PACKAGE_VERSION "1.18.2"
| #define PACKAGE_STRING "chafa 1.18.2"
| #define PACKAGE_BUGREPORT "hpj@hpjansson.org"
| #define PACKAGE_URL ""
| #define PACKAGE "chafa"
| #define VERSION "1.18.2"
| #define CHAFA_MAJOR_VERSION 1
| #define CHAFA_MINOR_VERSION 18
| #define CHAFA_MICRO_VERSION 2
| #define CHAFA_VERSION "1.18.2"
| #define HAVE_STDIO_H 1
| #define HAVE_STDLIB_H 1
| #define HAVE_STRING_H 1
| #define HAVE_INTTYPES_H 1
| #define HAVE_STDINT_H 1
| #define HAVE_STRINGS_H 1
| #define HAVE_SYS_STAT_H 1
| #define HAVE_SYS_TYPES_H 1
| #define HAVE_UNISTD_H 1
| #define HAVE_WCHAR_H 1
| #define STDC_HEADERS 1
| #define _ALL_SOURCE 1
| #define _COSMO_SOURCE 1
| #define _DARWIN_C_SOURCE 1
| #define _GNU_SOURCE 1
| #define _HPUX_ALT_XOPEN_SOCKET_API 1
| #define _NETBSD_SOURCE 1
| #define _OPENBSD_SOURCE 1
| #define _POSIX_PTHREAD_SEMANTICS 1
| #define __STDC_WANT_IEC_60559_ATTRIBS_EXT__ 1
| #define __STDC_WANT_IEC_60559_BFP_EXT__ 1
| #define __STDC_WANT_IEC_60559_DFP_EXT__ 1
| #define __STDC_WANT_IEC_60559_EXT__ 1
| #define __STDC_WANT_IEC_60559_FUNCS_EXT__ 1
| #define __STDC_WANT_IEC_60559_TYPES_EXT__ 1
| #define __STDC_WANT_LIB_EXT2__ 1
| #define __STDC_WANT_MATH_SPEC_FUNCS__ 1
| #define _TANDEM_SOURCE 1
| #define __EXTENSIONS__ 1
| #define LT_OBJDIR ".libs/"
| #define HAVE_SYS_TIME_H 1
| /* end confdefs.h.  */
| #include <stddef.h>
| #ifdef HAVE_STDIO_H
| # include <stdio.h>
| #endif
| #ifdef HAVE_STDLIB_H
| # include <stdlib.h>
| #endif
| #ifdef HAVE_STRING_H
| # include <string.h>
| #endif
| #ifdef HAVE_INTTYPES_H
| # include <inttypes.h>
| #endif
| #ifdef HAVE_STDINT_H
| # include <stdint.h>
| #endif
| #ifdef HAVE_STRINGS_H
| # include <strings.h>
| #endif
| #ifdef HAVE_SYS_TYPES_H
| # include <sys/types.h>
| #endif
| #ifdef HAVE_SYS_STAT_H
| # include <sys/stat.h>
| #endif
| #ifdef HAVE_UNISTD_H
| # include <unistd.h>
| #endif
| #include <sys/ioctl.h>
configure:18239: result: no
configure:18245: checking for termios.h
configure:18245: x86_64-w64-mingw32-gcc -c -g -O2  conftest.c >&5
conftest.c:74:10: fatal error: termios.h: No such file or directory
   74 | #include <termios.h>
      |          ^~~~~~~~~~~
compilation terminated.
configure:18245: $? = 1
configure: failed program was:
| /* confdefs.h */
| #define PACKAGE_NAME "chafa"
| #define PACKAGE_TARNAME "chafa"
| #define PACKAGE_VERSION "1.18.2"
| #define PACKAGE_STRING "chafa 1.18.2"
| #define PACKAGE_BUGREPORT "hpj@hpjansson.org"
| #define PACKAGE_URL ""
| #define PACKAGE "chafa"
| #define VERSION "1.18.2"
| #define CHAFA_MAJOR_VERSION 1
| #define CHAFA_MINOR_VERSION 18
| #define CHAFA_MICRO_VERSION 2
| #define CHAFA_VERSION "1.18.2"
| #define HAVE_STDIO_H 1
| #define HAVE_STDLIB_H 1
| #define HAVE_STRING_H 1
| #define HAVE_INTTYPES_H 1
| #define HAVE_STDINT_H 1
| #define HAVE_STRINGS_H 1
| #define HAVE_SYS_STAT_H 1
| #define HAVE_SYS_TYPES_H 1
| #define HAVE_UNISTD_H 1
| #define HAVE_WCHAR_H 1
| #define STDC_HEADERS 1
| #define _ALL_SOURCE 1
| #define _COSMO_SOURCE 1
| #define _DARWIN_C_SOURCE 1
| #define _GNU_SOURCE 1
| #define _HPUX_ALT_XOPEN_SOCKET_API 1
| #define _NETBSD_SOURCE 1
| #define _OPENBSD_SOURCE 1
| #define _POSIX_PTHREAD_SEMANTICS 1
| #define __STDC_WANT_IEC_60559_ATTRIBS_EXT__ 1
| #define __STDC_WANT_IEC_60559_BFP_EXT__ 1
| #define __STDC_WANT_IEC_60559_DFP_EXT__ 1
| #define __STDC_WANT_IEC_60559_EXT__ 1
| #define __STDC_WANT_IEC_60559_FUNCS_EXT__ 1
| #define __STDC_WANT_IEC_60559_TYPES_EXT__ 1
| #define __STDC_WANT_LIB_EXT2__ 1
| #define __STDC_WANT_MATH_SPEC_FUNCS__ 1
| #define _TANDEM_SOURCE 1
| #define __EXTENSIONS__ 1
| #define LT_OBJDIR ".libs/"
| #define HAVE_SYS_TIME_H 1
| /* end confdefs.h.  */
| #include <stddef.h>
| #ifdef HAVE_STDIO_H
| # include <stdio.h>
| #endif
| #ifdef HAVE_STDLIB_H
| # include <stdlib.h>
| #endif
| #ifdef HAVE_STRING_H
| # include <string.h>
| #endif
| #ifdef HAVE_INTTYPES_H
| # include <inttypes.h>
| #endif
| #ifdef HAVE_STDINT_H
| # include <stdint.h>
| #endif
| #ifdef HAVE_STRINGS_H
| # include <strings.h>
| #endif
| #ifdef HAVE_SYS_TYPES_H
| # include <sys/types.h>
| #endif
| #ifdef HAVE_SYS_STAT_H
| # include <sys/stat.h>
| #endif
| #ifdef HAVE_UNISTD_H
| # include <unistd.h>
| #endif
| #include <termios.h>
configure:18245: result: no
configure:18251: checking for windows.h
configure:18251: x86_64-w64-mingw32-gcc -c -g -O2  conftest.c >&5
configure:18251: $? = 0
configure:18251: result: yes
configure:18279: checking for x86_64-w64-mingw32-windres
configure:18315: result: no
configure:18325: checking for windres
configure:18346: found /mingw64/bin/windres
configure:18358: result: windres
configure:18426: checking for gcc __builtin_cpu_init function
configure:18443: x86_64-w64-mingw32-gcc -o conftest.exe -g -O2   conftest.c  >&5
configure:18443: $? = 0
configure:18454: result: yes
configure:18457: checking for gcc __builtin_cpu_supports function
configure:18474: x86_64-w64-mingw32-gcc -o conftest.exe -g -O2   conftest.c  >&5
configure:18474: $? = 0
configure:18485: result: yes
configure:18498: checking for gcc __builtin_assume_aligned function
configure:18515: x86_64-w64-mingw32-gcc -o conftest.exe -g -O2   conftest.c  >&5
configure:18515: $? = 0
configure:18526: result: yes
configure:18538: checking for working MMX intrinsics
configure:18553: x86_64-w64-mingw32-gcc -o conftest.exe -mmmx -g -O2   conftest.c  >&5
configure:18553: $? = 0
configure:18566: result: yes
configure:18577: checking for working SSE 4.1 intrinsics
configure:18592: x86_64-w64-mingw32-gcc -o conftest.exe -msse4.1 -g -O2   conftest.c  >&5
configure:18592: $? = 0
configure:18605: result: yes
configure:18616: checking for working AVX2 intrinsics
configure:18631: x86_64-w64-mingw32-gcc -o conftest.exe -mavx2 -g -O2   conftest.c  >&5
configure:18631: $? = 0
configure:18644: result: yes
configure:18655: checking for working 64bit popcnt intrinsics
configure:18671: x86_64-w64-mingw32-gcc -o conftest.exe -mpopcnt -g -O2   conftest.c  >&5
configure:18671: $? = 0
configure:18684: result: yes
configure:18687: checking for working 32bit popcnt intrinsics
configure:18703: x86_64-w64-mingw32-gcc -o conftest.exe -mpopcnt -g -O2   conftest.c  >&5
configure:18703: $? = 0
configure:18716: result: yes
configure:18778: checking whether C compiler accepts -ffast-math
configure:18798: x86_64-w64-mingw32-gcc -c -g -O2 -Werror -ffast-math  conftest.c >&5
configure:18798: $? = 0
configure:18809: result: yes
configure:18943: checking that generated files are newer than configure
configure:18949: result: done
configure:18979: checking that generated files are newer than configure
configure:18985: result: done
configure:19100: creating ./config.status

## ---------------------- ##
## Running config.status. ##
## ---------------------- ##

This file was extended by chafa config.status 1.18.2, which was
generated by GNU Autoconf 2.73.  Invocation command line was

  CONFIG_FILES    = 
  CONFIG_HEADERS  = 
  CONFIG_LINKS    = 
  CONFIG_COMMANDS = 
  $ ./config.status 

on desktop

config.status:1241: creating Makefile
config.status:1241: creating chafa/Makefile
config.status:1241: creating chafa/chafaconfig.h
config.status:1241: creating chafa/internal/Makefile
config.status:1241: creating chafa/internal/smolscale/Makefile
config.status:1241: creating libnsgif/Makefile
config.status:1241: creating lodepng/Makefile
config.status:1241: creating chafa.pc
config.status:1241: creating docs/Makefile
config.status:1241: creating docs/version.xml
config.status:1241: creating examples/Makefile
config.status:1241: creating tests/Makefile
config.status:1241: creating tests/data/Makefile
config.status:1241: creating tests/data/bad/Makefile
config.status:1241: creating tests/data/good/Makefile
config.status:1241: creating tools/Makefile
config.status:1241: creating tools/chafa/Makefile
config.status:1241: creating tools/completions/Makefile
config.status:1241: creating tools/fontgen/Makefile
config.status:1241: creating config.h
config.status:1470: executing depfiles commands
config.status:1545: cd chafa       && sed -e '/# am--include-marker/d' Makefile         | make -f - am--depfiles
config.status:1552: $? = 0
config.status:1545: cd chafa/internal       && sed -e '/# am--include-marker/d' Makefile         | make -f - am--depfiles
config.status:1552: $? = 0
config.status:1545: cd chafa/internal/smolscale       && sed -e '/# am--include-marker/d' Makefile         | make -f - am--depfiles
config.status:1552: $? = 0
config.status:1545: cd libnsgif       && sed -e '/# am--include-marker/d' Makefile         | make -f - am--depfiles
config.status:1552: $? = 0
config.status:1545: cd lodepng       && sed -e '/# am--include-marker/d' Makefile         | make -f - am--depfiles
config.status:1552: $? = 0
config.status:1545: cd tests       && sed -e '/# am--include-marker/d' Makefile         | make -f - am--depfiles
config.status:1552: $? = 0
config.status:1545: cd tools/chafa       && sed -e '/# am--include-marker/d' Makefile         | make -f - am--depfiles
config.status:1552: $? = 0
config.status:1470: executing libtool commands

## ---------------- ##
## Cache variables. ##
## ---------------- ##

ac_cv_avx2_intrinsics=yes
ac_cv_build=x86_64-pc-cygwin
ac_cv_c_compiler_gnu=yes
ac_cv_c_const=yes
ac_cv_env_AVIF_CFLAGS_set=
ac_cv_env_AVIF_CFLAGS_value=
ac_cv_env_AVIF_LIBS_set=
ac_cv_env_AVIF_LIBS_value=
ac_cv_env_CC_set=
ac_cv_env_CC_value=
ac_cv_env_CFLAGS_set=
ac_cv_env_CFLAGS_value=
ac_cv_env_CPPFLAGS_set=
ac_cv_env_CPPFLAGS_value=
ac_cv_env_CPP_set=
ac_cv_env_CPP_value=
ac_cv_env_FREETYPE_CFLAGS_set=
ac_cv_env_FREETYPE_CFLAGS_value=
ac_cv_env_FREETYPE_LIBS_set=
ac_cv_env_FREETYPE_LIBS_value=
ac_cv_env_GLIB_CFLAGS_set=
ac_cv_env_GLIB_CFLAGS_value=
ac_cv_env_GLIB_LIBS_set=
ac_cv_env_GLIB_LIBS_value=
ac_cv_env_GTKDOC_DEPS_CFLAGS_set=
ac_cv_env_GTKDOC_DEPS_CFLAGS_value=
ac_cv_env_GTKDOC_DEPS_LIBS_set=
ac_cv_env_GTKDOC_DEPS_LIBS_value=
ac_cv_env_HEIF_CFLAGS_set=
ac_cv_env_HEIF_CFLAGS_value=
ac_cv_env_HEIF_LIBS_set=
ac_cv_env_HEIF_LIBS_value=
ac_cv_env_JPEG_CFLAGS_set=
ac_cv_env_JPEG_CFLAGS_value=
ac_cv_env_JPEG_LIBS_set=
ac_cv_env_JPEG_LIBS_value=
ac_cv_env_JXL_CFLAGS_set=
ac_cv_env_JXL_CFLAGS_value=
ac_cv_env_JXL_LIBS_set=
ac_cv_env_JXL_LIBS_value=
ac_cv_env_LDFLAGS_set=
ac_cv_env_LDFLAGS_value=
ac_cv_env_LIBS_set=
ac_cv_env_LIBS_value=
ac_cv_env_LT_SYS_LIBRARY_PATH_set=
ac_cv_env_LT_SYS_LIBRARY_PATH_value=
ac_cv_env_PKG_CONFIG_LIBDIR_set=
ac_cv_env_PKG_CONFIG_LIBDIR_value=
ac_cv_env_PKG_CONFIG_PATH_set=set
ac_cv_env_PKG_CONFIG_PATH_value=/usr/lib/pkgconfig:/usr/share/pkgconfig:/lib/pkgconfig
ac_cv_env_PKG_CONFIG_set=
ac_cv_env_PKG_CONFIG_value=
ac_cv_env_SVG_CFLAGS_set=
ac_cv_env_SVG_CFLAGS_value=
ac_cv_env_SVG_LIBS_set=
ac_cv_env_SVG_LIBS_value=
ac_cv_env_TIFF_CFLAGS_set=
ac_cv_env_TIFF_CFLAGS_value=
ac_cv_env_TIFF_LIBS_set=
ac_cv_env_TIFF_LIBS_value=
ac_cv_env_WEBP_CFLAGS_set=
ac_cv_env_WEBP_CFLAGS_value=
ac_cv_env_WEBP_LIBS_set=
ac_cv_env_WEBP_LIBS_value=
ac_cv_env_build_alias_set=
ac_cv_env_build_alias_value=
ac_cv_env_host_alias_set=set
ac_cv_env_host_alias_value=x86_64-w64-mingw32
ac_cv_env_target_alias_set=
ac_cv_env_target_alias_value=
ac_cv_exeext=.exe
ac_cv_func_ctermid=no
ac_cv_func_getrandom=no
ac_cv_func_mmap=no
ac_cv_func_setitimer=no
ac_cv_func_sigaction=no
ac_cv_header_dlfcn_h=no
ac_cv_header_inttypes_h=yes
ac_cv_header_minix_config_h=no
ac_cv_header_stdint_h=yes
ac_cv_header_stdio_h=yes
ac_cv_header_stdlib_h=yes
ac_cv_header_string_h=yes
ac_cv_header_strings_h=yes
ac_cv_header_sys_ioctl_h=no
ac_cv_header_sys_stat_h=yes
ac_cv_header_sys_time_h=yes
ac_cv_header_sys_types_h=yes
ac_cv_header_termios_h=no
ac_cv_header_unistd_h=yes
ac_cv_header_wchar_h=yes
ac_cv_header_windows_h=yes
ac_cv_host=x86_64-w64-mingw32
ac_cv_mmx_intrinsics=yes
ac_cv_objext=o
ac_cv_path_EGREP='/usr/bin/grep -E'
ac_cv_path_EGREP_TRADITIONAL='/usr/bin/grep -E'
ac_cv_path_FGREP='/usr/bin/grep -F'
ac_cv_path_GREP=/usr/bin/grep
ac_cv_path_PKG_CONFIG=/mingw64/bin/x86_64-w64-mingw32-pkg-config
ac_cv_path_SED=/usr/bin/sed
ac_cv_path_XMLCATALOG=no
ac_cv_path_install='/usr/bin/install -c'
ac_cv_path_lt_DD=/usr/bin/dd
ac_cv_path_mkdir=/usr/bin/mkdir
ac_cv_popcnt32_intrinsics=yes
ac_cv_popcnt64_intrinsics=yes
ac_cv_prog_AR=ar
ac_cv_prog_AWK=gawk
ac_cv_prog_CC=x86_64-w64-mingw32-gcc
ac_cv_prog_CPP='x86_64-w64-mingw32-gcc -E'
ac_cv_prog_DLLTOOL=dlltool
ac_cv_prog_FILECMD=file
ac_cv_prog_OBJDUMP=objdump
ac_cv_prog_STRIP=strip
ac_cv_prog_ac_ct_AR=ar
ac_cv_prog_ac_ct_AS=as
ac_cv_prog_ac_ct_DLLTOOL=dlltool
ac_cv_prog_ac_ct_DUMPBIN='link -dump'
ac_cv_prog_ac_ct_OBJDUMP=objdump
ac_cv_prog_ac_ct_RANLIB=ranlib
ac_cv_prog_ac_ct_STRIP=strip
ac_cv_prog_ac_ct_WINDRES=windres
ac_cv_prog_cc_c11=
ac_cv_prog_cc_c23=no
ac_cv_prog_cc_g=yes
ac_cv_prog_cc_stdc=
ac_cv_prog_make_make_set=yes
ac_cv_safe_to_define___extensions__=yes
ac_cv_should_define__xopen_source=no
ac_cv_sse41_intrinsics=yes
am_cv_CC_dependencies_compiler_type=gcc3
am_cv_ar_interface=ar
am_cv_filesystem_timestamp_resolution=0.01
am_cv_make_support_nested_variables=yes
am_cv_prog_cc_c_o=yes
am_cv_prog_tar_ustar=gnutar
am_cv_sleep_fractional_seconds=yes
am_cv_xargs_n_works=yes
ax_cv_check_cflags__Werror__Wc11_c2x_compat=yes
ax_cv_check_cflags__Werror__Wc99_c11_compat=yes
ax_cv_check_cflags__Werror__Wdouble_promotion=yes
ax_cv_check_cflags__Werror__Wfor_loop_analysis=no
ax_cv_check_cflags__Werror__Wlogical_op=yes
ax_cv_check_cflags__Werror__Wlogical_op_parentheses=no
ax_cv_check_cflags__Werror__Wstack_usage_131072=yes
ax_cv_check_cflags__Werror__Wtrampolines=yes
ax_cv_check_cflags__Werror__ffast_math=yes
ax_cv_gcc_check_builtin_assume_aligned=yes
ax_cv_gcc_check_x86_cpu_init=yes
ax_cv_gcc_check_x86_cpu_supports=yes
lt_cv_ar_at_file=@
lt_cv_deplibs_check_method='file_magic ^x86 archive import|^x86 DLL'
lt_cv_file_magic_cmd=func_win32_libid
lt_cv_file_magic_test_file=
lt_cv_ld_reload_flag=-r
lt_cv_nm_interface='BSD nm'
lt_cv_objdir=.libs
lt_cv_path_LD=C:/msys64/mingw64/x86_64-w64-mingw32/bin/ld.exe
lt_cv_path_NM=no
lt_cv_path_manifest_tool=no
lt_cv_prog_compiler_c_o=yes
lt_cv_prog_compiler_pic='-DDLL_EXPORT -DPIC'
lt_cv_prog_compiler_pic_works=yes
lt_cv_prog_compiler_rtti_exceptions=no
lt_cv_prog_compiler_static_works=yes
lt_cv_prog_gnu_ld=yes
lt_cv_sharedlib_from_linklib_cmd=func_cygming_dll_for_implib
lt_cv_sys_global_symbol_pipe='/usr/bin/sed -n -e '\''s/^.*[	 ]\([ABCDGIRSTW][ABCDGIRSTW]*\)[	 ][	 ]*\([_A-Za-z][_A-Za-z0-9]*\)$/\1 \2 \2/p'\'' | /usr/bin/sed '\''/ __gnu_lto/d'\'''
lt_cv_sys_global_symbol_to_c_name_address='/usr/bin/sed -n -e '\''s/^: \(.*\) .*$/  {"\1", (void *) 0},/p'\'' -e '\''s/^[ABCDGIRSTW][ABCDGIRSTW]* .* \(.*\)$/  {"\1", (void *) \&\1},/p'\'''
lt_cv_sys_global_symbol_to_c_name_address_lib_prefix='/usr/bin/sed -n -e '\''s/^: \(.*\) .*$/  {"\1", (void *) 0},/p'\'' -e '\''s/^[ABCDGIRSTW][ABCDGIRSTW]* .* \(lib.*\)$/  {"\1", (void *) \&\1},/p'\'' -e '\''s/^[ABCDGIRSTW][ABCDGIRSTW]* .* \(.*\)$/  {"lib\1", (void *) \&\1},/p'\'''
lt_cv_sys_global_symbol_to_cdecl='/usr/bin/sed -n -e '\''s/^T .* \(.*\)$/extern int \1();/p'\'' -e '\''s/^[ABCDGIRSTW][ABCDGIRSTW]* .* \(.*\)$/extern char \1;/p'\'''
lt_cv_sys_global_symbol_to_import=
lt_cv_sys_max_cmd_len=8192
lt_cv_to_host_file_cmd=func_convert_file_cygwin_to_w32
lt_cv_to_tool_file_cmd=func_convert_file_noop
lt_cv_truncate_bin='/usr/bin/dd bs=4096 count=1'
pac_cv_avx2_intrinsics='[92myes(B[m'
pac_cv_mmx_intrinsics='[92myes(B[m'
pac_cv_popcnt32_intrinsics='[92myes(B[m'
pac_cv_popcnt64_intrinsics='[92myes(B[m'
pac_cv_sse41_intrinsics='[92myes(B[m'
pkg_cv_GLIB_CFLAGS='-IC:/msys64/mingw64/bin/../include/glib-2.0 -IC:/msys64/mingw64/bin/../lib/glib-2.0/include -IC:/msys64/mingw64/bin/../include'
pkg_cv_GLIB_LIBS='-LC:/msys64/mingw64/bin/../lib -lglib-2.0 -lintl'
pkg_cv_GTKDOC_DEPS_CFLAGS='-IC:/msys64/mingw64/bin/../include -IC:/msys64/mingw64/bin/../include/glib-2.0 -IC:/msys64/mingw64/bin/../lib/glib-2.0/include'
pkg_cv_GTKDOC_DEPS_LIBS='-LC:/msys64/mingw64/bin/../lib -lgobject-2.0 -lglib-2.0 -lintl'

## ----------------- ##
## Output variables. ##
## ----------------- ##

ACLOCAL='${SHELL} '\''/c/Users/suzuko/dev/go/go-lf-preview/.native/chafa-source/chafa-1.18.2/missing'\'' aclocal-1.18'
AMDEPBACKSLASH='\'
AMDEP_FALSE='#'
AMDEP_TRUE=''
AMTAR='$${TAR-tar}'
AM_BACKSLASH='\'
AM_DEFAULT_V='$(AM_DEFAULT_VERBOSITY)'
AM_DEFAULT_VERBOSITY='1'
AM_V='$(V)'
AR='ar'
AS='as'
AUTOCONF='${SHELL} '\''/c/Users/suzuko/dev/go/go-lf-preview/.native/chafa-source/chafa-1.18.2/missing'\'' autoconf'
AUTOHEADER='${SHELL} '\''/c/Users/suzuko/dev/go/go-lf-preview/.native/chafa-source/chafa-1.18.2/missing'\'' autoheader'
AUTOMAKE='${SHELL} '\''/c/Users/suzuko/dev/go/go-lf-preview/.native/chafa-source/chafa-1.18.2/missing'\'' automake-1.18'
AVIF_CFLAGS=''
AVIF_LIBS=''
AWK='gawk'
CC='x86_64-w64-mingw32-gcc'
CCDEPMODE='depmode=gcc3'
CFLAGS='-g -O2'
CHAFA_CFLAGS='-DGLIB_VERSION_MIN_REQUIRED=GLIB_VERSION_2_58 -Wall -Wextra -Wcast-qual -Wdisabled-optimization -Wmissing-prototypes -Wpointer-arith -Wshadow -Wstrict-overflow=2 -Wundef -Wunused-macros -Wwrite-strings -Werror=format-security -Wc11-c2x-compat -Wc99-c11-compat -Wlogical-op -Wstack-usage=131072 -Wtrampolines -Wdouble-promotion -ffast-math -fvisibility=hidden -DLODEPNG_NO_COMPILE_ENCODER -DLODEPNG_NO_COMPILE_DISK -DLODEPNG_NO_COMPILE_CPP -DLODEPNG_NO_COMPILE_CRC'
CHAFA_LDFLAGS=''
CHAFA_MAJOR_VERSION='1'
CHAFA_MICRO_VERSION='2'
CHAFA_MINOR_VERSION='18'
CHAFA_VERSION='1.18.2'
COREGRAPHICS_LIBS=''
CPP='x86_64-w64-mingw32-gcc -E'
CPPFLAGS=''
CSCOPE='cscope'
CTAGS='ctags'
CYGPATH_W='cygpath -w'
DEFS='-DHAVE_CONFIG_H'
DEPDIR='.deps'
DLLTOOL='dlltool'
DSYMUTIL=''
DUMPBIN=':'
ECHO_C=''
ECHO_N='-n'
ECHO_T=''
EGREP='/usr/bin/grep -E'
ENABLE_GTK_DOC_FALSE=''
ENABLE_GTK_DOC_TRUE='#'
ENABLE_MAN_FALSE=''
ENABLE_MAN_TRUE='#'
ENABLE_RPATH_FALSE=''
ENABLE_RPATH_TRUE='#'
ETAGS='etags'
EXEEXT='.exe'
FGREP='/usr/bin/grep -F'
FILECMD='file'
FREETYPE_CFLAGS=''
FREETYPE_LIBS=''
GLIB_CFLAGS='-IC:/msys64/mingw64/bin/../include/glib-2.0 -IC:/msys64/mingw64/bin/../lib/glib-2.0/include -IC:/msys64/mingw64/bin/../include'
GLIB_LIBS='-LC:/msys64/mingw64/bin/../lib -lglib-2.0 -lintl'
GLIB_PREFIX='C:/msys64/mingw64/bin/..'
GREP='/usr/bin/grep'
GTKDOC_CHECK=''
GTKDOC_CHECK_PATH=''
GTKDOC_DEPS_CFLAGS='-IC:/msys64/mingw64/bin/../include -IC:/msys64/mingw64/bin/../include/glib-2.0 -IC:/msys64/mingw64/bin/../lib/glib-2.0/include'
GTKDOC_DEPS_LIBS='-LC:/msys64/mingw64/bin/../lib -lgobject-2.0 -lglib-2.0 -lintl'
GTKDOC_MKPDF=''
GTKDOC_REBASE='true'
GTK_DOC_BUILD_HTML_FALSE='#'
GTK_DOC_BUILD_HTML_TRUE=''
GTK_DOC_BUILD_PDF_FALSE=''
GTK_DOC_BUILD_PDF_TRUE='#'
GTK_DOC_USE_LIBTOOL_FALSE='#'
GTK_DOC_USE_LIBTOOL_TRUE=''
GTK_DOC_USE_REBASE_FALSE='#'
GTK_DOC_USE_REBASE_TRUE=''
HAVE_AVIF_FALSE=''
HAVE_AVIF_TRUE='#'
HAVE_AVX2_INTRINSICS_FALSE='#'
HAVE_AVX2_INTRINSICS_TRUE=''
HAVE_BUILTIN_ASSUME_ALIGNED_FALSE='#'
HAVE_BUILTIN_ASSUME_ALIGNED_TRUE=''
HAVE_COREGRAPHICS_FALSE=''
HAVE_COREGRAPHICS_TRUE='#'
HAVE_GTK_DOC_FALSE=''
HAVE_GTK_DOC_TRUE='#'
HAVE_HEIF_FALSE=''
HAVE_HEIF_TRUE='#'
HAVE_JPEG_FALSE=''
HAVE_JPEG_TRUE='#'
HAVE_JXL_FALSE=''
HAVE_JXL_TRUE='#'
HAVE_MMX_INTRINSICS_FALSE='#'
HAVE_MMX_INTRINSICS_TRUE=''
HAVE_POPCNT_INTRINSICS_FALSE='#'
HAVE_POPCNT_INTRINSICS_TRUE=''
HAVE_SSE41_INTRINSICS_FALSE='#'
HAVE_SSE41_INTRINSICS_TRUE=''
HAVE_SVG_FALSE=''
HAVE_SVG_TRUE='#'
HAVE_TIFF_FALSE=''
HAVE_TIFF_TRUE='#'
HAVE_WEBP_FALSE=''
HAVE_WEBP_TRUE='#'
HEIF_CFLAGS=''
HEIF_LIBS=''
HTML_DIR='${datadir}/gtk-doc/html'
INSTALL_DATA='${INSTALL} -m 644'
INSTALL_PROGRAM='${INSTALL}'
INSTALL_SCRIPT='${INSTALL}'
INSTALL_STRIP_PROGRAM='$(install_sh) -c -s'
IS_WIN32_BUILD_FALSE='#'
IS_WIN32_BUILD_TRUE=''
JPEG_CFLAGS=''
JPEG_LIBS=''
JXL_CFLAGS=''
JXL_LIBS=''
LD='C:/msys64/mingw64/x86_64-w64-mingw32/bin/ld.exe'
LDFLAGS=''
LIBCHAFA_CFLAGS='-DGLIB_VERSION_MIN_REQUIRED=GLIB_VERSION_2_58 -Wall -Wextra -Wcast-qual -Wdisabled-optimization -Wmissing-prototypes -Wpointer-arith -Wshadow -Wstrict-overflow=2 -Wundef -Wunused-macros -Wwrite-strings -Werror=format-security -Wc11-c2x-compat -Wc99-c11-compat -Wlogical-op -Wstack-usage=131072 -Wtrampolines -Wdouble-promotion -ffast-math -fvisibility=hidden'
LIBCHAFA_LDFLAGS=''
LIBNSGIF_CFLAGS='-DGLIB_VERSION_MIN_REQUIRED=GLIB_VERSION_2_58 -Wall -Wextra -Wcast-qual -Wdisabled-optimization -Wmissing-prototypes -Wpointer-arith -Wshadow -Wstrict-overflow=2 -Wundef -Wunused-macros -Wwrite-strings -Werror=format-security -Wc11-c2x-compat -Wc99-c11-compat -Wlogical-op -Wstack-usage=131072 -Wtrampolines -Wdouble-promotion -ffast-math'
LIBNSGIF_LDFLAGS=''
LIBOBJS=''
LIBS=''
LIBTOOL='$(SHELL) $(top_builddir)/libtool'
LIPO=''
LN_S='cp -pR'
LODEPNG_CFLAGS='-DGLIB_VERSION_MIN_REQUIRED=GLIB_VERSION_2_58 -Wall -Wextra -Wcast-qual -Wdisabled-optimization -Wmissing-prototypes -Wpointer-arith -Wshadow -Wstrict-overflow=2 -Wundef -Wunused-macros -Wwrite-strings -Werror=format-security -Wc11-c2x-compat -Wc99-c11-compat -Wlogical-op -Wstack-usage=131072 -Wtrampolines -Wdouble-promotion -ffast-math -DLODEPNG_NO_COMPILE_ENCODER -DLODEPNG_NO_COMPILE_DISK -DLODEPNG_NO_COMPILE_CPP -DLODEPNG_NO_COMPILE_CRC'
LODEPNG_LDFLAGS=''
LTLIBOBJS=''
LT_SYS_LIBRARY_PATH=''
MAINT='#'
MAINTAINER_MODE_FALSE=''
MAINTAINER_MODE_TRUE='#'
MAKEINFO='${SHELL} '\''/c/Users/suzuko/dev/go/go-lf-preview/.native/chafa-source/chafa-1.18.2/missing'\'' makeinfo'
MANIFEST_TOOL=':'
MKDIR_P='/usr/bin/mkdir -p'
NM='nm'
NMEDIT=''
OBJDUMP='objdump'
OBJEXT='o'
OTOOL64=''
OTOOL=''
PACKAGE='chafa'
PACKAGE_BUGREPORT='hpj@hpjansson.org'
PACKAGE_NAME='chafa'
PACKAGE_STRING='chafa 1.18.2'
PACKAGE_TARNAME='chafa'
PACKAGE_URL=''
PACKAGE_VERSION='1.18.2'
PATH_SEPARATOR=':'
PKG_CONFIG='/mingw64/bin/x86_64-w64-mingw32-pkg-config'
PKG_CONFIG_LIBDIR=''
PKG_CONFIG_PATH='/usr/lib/pkgconfig:/usr/share/pkgconfig:/lib/pkgconfig'
RANLIB='ranlib'
SED='/usr/bin/sed'
SET_MAKE=''
SHELL='/bin/sh'
STRIP='strip'
SVG_CFLAGS=''
SVG_LIBS=''
TIFF_CFLAGS=''
TIFF_LIBS=''
VERSION='1.18.2'
WANT_TOOLS_FALSE=''
WANT_TOOLS_TRUE='#'
WEBP_CFLAGS=''
WEBP_LIBS=''
WINDRES='windres'
XMLCATALOG='no'
XML_CATALOG_FILE='/etc/xml/catalog'
XSLTPROC=''
ac_ct_AR='ar'
ac_ct_CC=''
ac_ct_DUMPBIN='link -dump'
am__EXEEXT_FALSE='#'
am__EXEEXT_TRUE=''
am__fastdepCC_FALSE='#'
am__fastdepCC_TRUE=''
am__include='include'
am__isrc=''
am__leading_dot='.'
am__nodep='_no'
am__quote=''
am__rm_f_notfound=''
am__tar='tar --format=ustar -chf - "$$tardir"'
am__untar='tar -xf -'
am__xargs_n='xargs -n'
bindir='${exec_prefix}/bin'
build='x86_64-pc-cygwin'
build_alias='x86_64-pc-cygwin'
build_cpu='x86_64'
build_os='cygwin'
build_vendor='pc'
datadir='${datarootdir}'
datarootdir='${prefix}/share'
docdir='${datarootdir}/doc/${PACKAGE_TARNAME}'
dvidir='${docdir}'
exec_prefix='${prefix}'
host='x86_64-w64-mingw32'
host_alias='x86_64-w64-mingw32'
host_cpu='x86_64'
host_os='mingw32'
host_vendor='w64'
htmldir='${docdir}'
includedir='${prefix}/include'
infodir='${datarootdir}/info'
install_sh='${SHELL} /c/Users/suzuko/dev/go/go-lf-preview/.native/chafa-source/chafa-1.18.2/install-sh'
libdir='${exec_prefix}/lib'
libexecdir='${exec_prefix}/libexec'
localedir='${datarootdir}/locale'
localstatedir='${prefix}/var'
mandir='${datarootdir}/man'
mkdir_p='$(MKDIR_P)'
oldincludedir='/usr/include'
pdfdir='${docdir}'
prefix='/c/Users/suzuko/dev/go/go-lf-preview/.native/chafa/x86_64-pc-windows-gnu/1.18.2'
program_transform_name='s,x,x,'
psdir='${docdir}'
runstatedir='${localstatedir}/run'
sbindir='${exec_prefix}/sbin'
sharedstatedir='${prefix}/com'
sysconfdir='${prefix}/etc'
target_alias=''

## ----------- ##
## confdefs.h. ##
## ----------- ##

/* confdefs.h */
#define PACKAGE_NAME "chafa"
#define PACKAGE_TARNAME "chafa"
#define PACKAGE_VERSION "1.18.2"
#define PACKAGE_STRING "chafa 1.18.2"
#define PACKAGE_BUGREPORT "hpj@hpjansson.org"
#define PACKAGE_URL ""
#define PACKAGE "chafa"
#define VERSION "1.18.2"
#define CHAFA_MAJOR_VERSION 1
#define CHAFA_MINOR_VERSION 18
#define CHAFA_MICRO_VERSION 2
#define CHAFA_VERSION "1.18.2"
#define HAVE_STDIO_H 1
#define HAVE_STDLIB_H 1
#define HAVE_STRING_H 1
#define HAVE_INTTYPES_H 1
#define HAVE_STDINT_H 1
#define HAVE_STRINGS_H 1
#define HAVE_SYS_STAT_H 1
#define HAVE_SYS_TYPES_H 1
#define HAVE_UNISTD_H 1
#define HAVE_WCHAR_H 1
#define STDC_HEADERS 1
#define _ALL_SOURCE 1
#define _COSMO_SOURCE 1
#define _DARWIN_C_SOURCE 1
#define _GNU_SOURCE 1
#define _HPUX_ALT_XOPEN_SOCKET_API 1
#define _NETBSD_SOURCE 1
#define _OPENBSD_SOURCE 1
#define _POSIX_PTHREAD_SEMANTICS 1
#define __STDC_WANT_IEC_60559_ATTRIBS_EXT__ 1
#define __STDC_WANT_IEC_60559_BFP_EXT__ 1
#define __STDC_WANT_IEC_60559_DFP_EXT__ 1
#define __STDC_WANT_IEC_60559_EXT__ 1
#define __STDC_WANT_IEC_60559_FUNCS_EXT__ 1
#define __STDC_WANT_IEC_60559_TYPES_EXT__ 1
#define __STDC_WANT_LIB_EXT2__ 1
#define __STDC_WANT_MATH_SPEC_FUNCS__ 1
#define _TANDEM_SOURCE 1
#define __EXTENSIONS__ 1
#define LT_OBJDIR ".libs/"
#define HAVE_SYS_TIME_H 1
#define HAVE_WINDOWS_H 1
#define HAVE_GCC_X86_FEATURE_BUILTINS 1
#define HAVE_MMX_INTRINSICS 1
#define HAVE_SSE41_INTRINSICS 1
#define HAVE_AVX2_INTRINSICS 1
#define HAVE_POPCNT64_INTRINSICS 1
#define HAVE_POPCNT32_INTRINSICS 1
#define _CHAFA_EXTERN __attribute__((visibility("default"))) __declspec(dllexport) extern

configure: exit 

## ---------------------- ##
## Running config.status. ##
## ---------------------- ##

This file was extended by chafa config.status 1.18.2, which was
generated by GNU Autoconf 2.73.  Invocation command line was

  CONFIG_FILES    = 
  CONFIG_HEADERS  = 
  CONFIG_LINKS    = 
  CONFIG_COMMANDS = 
  $ ./config.status chafa/chafaconfig.h

on desktop

config.status:1241: creating chafa/chafaconfig.h
